ets Jun  8 2016 00:22:57

rst:0x1 (POWERON_RESET),boot:0x13 (SPI_FAST_FLASH_BOOT)
configsip: 0, SPIWP:0xee
clk_drv:0x00,q_drv:0x00,d_drv:0x00,cs0_drv:0x00,hd_drv:0x00,wp_drv:0x00
mode:DIO, clock div:2
load:0x3fff0030,len:7104
load:0x40078000,len:15660
load:0x40080400,len:4
load:0x40080404,len:3872
entry 0x40080648
[0;32mI (29) boot: ESP-IDF v5.2-dev-544-g54576b7528-dirty 2nd stage bootloader[0m
[0;32mI (29) boot: compile time Dec  5 2023 19:17:58[0m
[0;32mI (31) boot: Multicore bootloader[0m
[0;32mI (35) boot: chip revision: v1.0[0m
[0;32mI (39) boot.esp32: SPI Speed      : 40MHz[0m
[0;32mI (43) boot.esp32: SPI Mode       : DIO[0m
[0;32mI (48) boot.esp32: SPI Flash Size : 2MB[0m
[0;32mI (52) boot: Enabling RNG early entropy source...[0m
[0;32mI (58) boot: Partition Table:[0m
[0;32mI (61) boot: ## Label            Usage          Type ST Offset   Length[0m
[0;32mI (69) boot:  0 nvs              WiFi data        01 02 00009000 00006000[0m
[0;32mI (76) boot:  1 phy_init         RF data          01 01 0000f000 00001000[0m
[0;32mI (84) boot:  2 factory          factory app      00 00 00010000 00100000[0m
[0;32mI (91) boot: End of partition table[0m
[0;32mI (95) esp_image: segment 0: paddr=00010020 vaddr=3f400020 size=0c9e8h ( 51688) map[0m
[0;32mI (122) esp_image: segment 1: paddr=0001ca10 vaddr=3ffb0000 size=02298h (  8856) load[0m
[0;32mI (126) esp_image: segment 2: paddr=0001ecb0 vaddr=40080000 size=01368h (  4968) load[0m
[0;32mI (130) esp_image: segment 3: paddr=00020020 vaddr=400d0020 size=1cf5ch (118620) map[0m
[0;32mI (180) esp_image: segment 4: paddr=0003cf84 vaddr=40081368 size=0d69ch ( 54940) load[0m
[0;32mI (210) boot: Loaded app from partition at offset 0x10000[0m
[0;32mI (210) boot: Disabling RNG early entropy source...[0m
[0;32mI (221) cpu_start: Multicore app[0m
[0;32mI (222) cpu_start: Pro cpu up.[0m
[0;32mI (222) cpu_start: Starting app cpu, entry point is 0x400812a4[0m
[0;32mI (0) cpu_start: App cpu up.[0m
[0;32mI (240) cpu_start: Pro cpu start user code[0m
[0;32mI (240) cpu_start: cpu freq: 160000000 Hz[0m
[0;32mI (240) cpu_start: Application information:[0m
[0;32mI (245) cpu_start: Project name:     lora[0m
[0;32mI (249) cpu_start: App version:      33b263b-dirty[0m
[0;32mI (255) cpu_start: Compile time:     Dec  5 2023 19:17:55[0m
[0;32mI (261) cpu_start: ELF file SHA256:  3ed3c023a411dcaa...[0m
[0;32mI (267) cpu_start: ESP-IDF:          v5.2-dev-544-g54576b7528-dirty[0m
[0;32mI (274) cpu_start: Min chip rev:     v0.0[0m
[0;32mI (278) cpu_start: Max chip rev:     v3.99 [0m
[0;32mI (283) cpu_start: Chip rev:         v1.0[0m
[0;32mI (288) heap_init: Initializing. RAM available for dynamic allocation:[0m
[0;32mI (295) heap_init: At 3FFAE6E0 len 00001920 (6 KiB): DRAM[0m
[0;32mI (301) heap_init: At 3FFB2BC0 len 0002D440 (181 KiB): DRAM[0m
[0;32mI (308) heap_init: At 3FFE0440 len 00003AE0 (14 KiB): D/IRAM[0m
[0;32mI (314) heap_init: At 3FFE4350 len 0001BCB0 (111 KiB): D/IRAM[0m
[0;32mI (320) heap_init: At 4008EA04 len 000115FC (69 KiB): IRAM[0m
[0;32mI (328) spi_flash: detected chip: generic[0m
[0;32mI (331) spi_flash: flash io: dio[0m
[0;33mW (335) spi_flash: Detected size(4096k) larger than the size in the binary image header(2048k). Using the size in the binary image header.[0m
[0;32mI (349) app_start: Starting scheduler on CPU0[0m
[0;32mI (353) app_start: Starting scheduler on CPU1[0m
[0;32mI (353) main_task: Started on CPU0[0m
[0;32mI (363) main_task: Calling app_main()[0m
[0;32mI (363) gpio: GPIO[16]| InputEn: 0| OutputEn: 0| OpenDrain: 0| Pullup: 1| Pulldown: 0| Intr:0 [0m
[0;32mI (373) gpio: GPIO[15]| InputEn: 0| OutputEn: 0| OpenDrain: 0| Pullup: 1| Pulldown: 0| Intr:0 [0m

assert failed: xQueueSemaphoreTake queue.c:1657 (pxQueue->uxItemSize == 0)


Backtrace: 0x400818ca:0x3ffb5980 0x400874c5:0x3ffb59a0 0x4008d409:0x3ffb59c0 0x40087dc6:0x3ffb5ae0 0x40087ee4:0x3ffb5b20 0x40082889:0x3ffb5b40 0x40082991:0x3ffb5b70 0x400d558f:0x3ffb5b90 0x400d44c3:0x3ffb5bb0 0x400d408a:0x3ffb5bd0 0x4000bd83:0x3ffb5bf0 0x4000117d:0x3ffb5c10 0x400592fe:0x3ffb5c30 0x4005937a:0x3ffb5c50 0x400de263:0x3ffb5c70 0x400e964b:0x3ffb5ca0 0x400e5246:0x3ffb5cc0 0x400de411:0x3ffb5fe0 0x400d56f9:0x3ffb6030 0x40089b71:0x3ffb60c0




ELF file SHA256: 3ed3c023a411dcaa711b00a907e4270780546cf3dad4ddfa4fd35af42d3ef47b

Rebooting...
ets Jun  8 2016 00:22:57

rst:0xc (SW_CPU_RESET),boot:0x13 (SPI_FAST_FLASH_BOOT)
configsip: 0, SPIWP:0xee
clk_drv:0x00,q_drv:0x00,d_drv:0x00,cs0_drv:0x00,hd_drv:0x00,wp_drv:0x00
mode:DIO, clock div:2
load:0x3fff0030,len:7104
load:0x40078000,len:15660
load:0x40080400,len:4
load:0x40080404,len:3872
entry 0x40080648
[0;32mI (29) boot: ESP-IDF v5.2-dev-544-g54576b7528-dirty 2nd stage bootloader[0m
[0;32mI (29) boot: compile time Dec  5 2023 19:17:58[0m
[0;32mI (31) boot: Multicore bootloader[0m
[0;32mI (35) boot: chip revision: v1.0[0m
[0;32mI (39) boot.esp32: SPI Speed      : 40MHz[0m
[0;32mI (44) boot.esp32: SPI Mode       : DIO[0m
[0;32mI (48) boot.esp32: SPI Flash Size : 2MB[0m
[0;32mI (53) boot: Enabling RNG early entropy source...[0m
[0;32mI (58) boot: Partition Table:[0m
[0;32mI (62) boot: ## Label            Usage          Type ST Offset   Length[0m
[0;32mI (69) boot:  0 nvs              WiFi data        01 02 00009000 00006000[0m
[0;32mI (77) boot:  1 phy_init         RF data          01 01 0000f000 00001000[0m
[0;32mI (84) boot:  2 factory          factory app      00 00 00010000 00100000[0m
[0;32mI (92) boot: End of partition table[0m
[0;32mI (96) esp_image: segment 0: paddr=00010020 vaddr=3f400020 size=0c9e8h ( 51688) map[0m
[0;32mI (123) esp_image: segment 1: paddr=0001ca10 vaddr=3ffb0000 size=02298h (  8856) load[0m
[0;32mI (127) esp_image: segment 2: paddr=0001ecb0 vaddr=40080000 size=01368h (  4968) load[0m
[0;32mI (131) esp_image: segment 3: paddr=00020020 vaddr=400d0020 size=1cf5ch (118620) map[0m
[0;32mI (180) esp_image: segment 4: paddr=0003cf84 vaddr=40081368 size=0d69ch ( 54940) load[0m
[0;32mI (211) boot: Loaded app from partition at offset 0x10000[0m
[0;32mI (211) boot: Disabling RNG early entropy source...[0m
[0;32mI (222) cpu_start: Multicore app[0m
[0;32mI (222) cpu_start: Pro cpu up.[0m
[0;32mI (223) cpu_start: Starting app cpu, entry point is 0x400812a4[0m
[0;32mI (211) cpu_start: App cpu up.[0m
[0;32mI (240) cpu_start: Pro cpu start user code[0m
[0;32mI (241) cpu_start: cpu freq: 160000000 Hz[0m
[0;32mI (241) cpu_start: Application information:[0m
[0;32mI (245) cpu_start: Project name:     lora[0m
[0;32mI (250) cpu_start: App version:      33b263b-dirty[0m
[0;32mI (255) cpu_start: Compile time:     Dec  5 2023 19:17:55[0m
[0;32mI (262) cpu_start: ELF file SHA256:  3ed3c023a411dcaa...[0m
[0;32mI (268) cpu_start: ESP-IDF:          v5.2-dev-544-g54576b7528-dirty[0m
[0;32mI (274) cpu_start: Min chip rev:     v0.0[0m
[0;32mI (279) cpu_start: Max chip rev:     v3.99 [0m
[0;32mI (284) cpu_start: Chip rev:         v1.0[0m
[0;32mI (289) heap_init: Initializing. RAM available for dynamic allocation:[0m
[0;32mI (296) heap_init: At 3FFAE6E0 len 00001920 (6 KiB): DRAM[0m
[0;32mI (302) heap_init: At 3FFB2BC0 len 0002D440 (181 KiB): DRAM[0m
[0;32mI (308) heap_init: At 3FFE0440 len 00003AE0 (14 KiB): D/IRAM[0m
[0;32mI (315) heap_init: At 3FFE4350 len 0001BCB0 (111 KiB): D/IRAM[0m
[0;32mI (321) heap_init: At 4008EA04 len 000115FC (69 KiB): IRAM[0m
[0;32mI (329) spi_flash: detected chip: generic[0m
[0;32mI (332) spi_flash: flash io: dio[0m
[0;33mW (336) spi_flash: Detected size(4096k) larger than the size in the binary image header(2048k). Using the size in the binary image header.[0m
[0;32mI (350) app_start: Starting scheduler on CPU0[0m
[0;32mI (354) app_start: Starting scheduler on CPU1[0m
[0;32mI (354) main_task: Started on CPU0[0m
[0;32mI (364) main_task: Calling app_main()[0m
[0;32mI (364) gpio: GPIO[16]| InputEn: 0| OutputEn: 0| OpenDrain: 0| Pullup: 1| Pulldown: 0| Intr:0 [0m
[0;32mI (374) gpio: GPIO[15]| InputEn: 0| OutputEn: 0| OpenDrain: 0| Pullup: 1| Pulldown: 0| Intr:0 [0m

assert failed: xQueueSemaphoreTake queue.c:1657 (pxQueue->uxItemSize == 0)


Backtrace: 0x400818ca:0x3ffb5980 0x400874c5:0x3ffb59a0 0x4008d409:0x3ffb59c0 0x40087dc6:0x3ffb5ae0 0x40087ee4:0x3ffb5b20 0x40082889:0x3ffb5b40 0x40082991:0x3ffb5b70 0x400d558f:0x3ffb5b90 0x400d44c3:0x3ffb5bb0 0x400d408a:0x3ffb5bd0 0x4000bd83:0x3ffb5bf0 0x4000117d:0x3ffb5c10 0x400592fe:0x3ffb5c30 0x4005937a:0x3ffb5c50 0x400de263:0x3ffb5c70 0x400e964b:0x3ffb5ca0 0x400e5246:0x3ffb5cc0 0x400de411:0x3ffb5fe0 0x400d56f9:0x3ffb6030 0x40089b71:0x3ffb60c0




ELF file SHA256: 3ed3c023a411dcaa711b00a907e4270780546cf3dad4ddfa4fd35af42d3ef47b

Rebooting...
ets Jun  8 2016 00:22:57

rst:0xc (SW_CPU_RESET),boot:0x13 (SPI_FAST_FLASH_BOOT)
configsip: 0, SPIWP:0xee
clk_drv:0x00,q_drv:0x00,d_drv:0x00,cs0_drv:0x00,hd_drv:0x00,wp_drv:0x00
mode:DIO, clock div:2
load:0x3fff0030,len:7104
load:0x40078000,len:15660
load:0x40080400,len:4
load:0x40080404,len:3872
entry 0x40080648
[0;32mI (29) boot: ESP-IDF v5.2-dev-544-g54576b7528-dirty 2nd stage bootloader[0m
[0;32mI (29) boot: compile time Dec  5 2023 19:17:58[0m
[0;32mI (31) boot: Multicore bootloader[0m
[0;32mI (35) boot: chip revision: v1.0[0m
[0;32mI (39) boot.esp32: SPI Speed      : 40MHz[0m
[0;32mI (44) boot.esp32: SPI Mode       : DIO[0m
[0;32mI (48) boot.esp32: SPI Flash Size : 2MB[0m
[0;32mI (53) boot: Enabling RNG early entropy source...[0m
[0;32mI (58) boot: Partition Table:[0m
[0;32mI (62) boot: ## Label            Usage          Type ST Offset   Length[0m
[0;32mI (69) boot:  0 nvs              WiFi data        01 02 00009000 00006000[0m
[0;32mI (77) boot:  1 phy_init         RF data          01 01 0000f000 00001000[0m
[0;32mI (84) boot:  2 factory          factory app      00 00 00010000 00100000[0m
[0;32mI (92) boot: End of partition table[0m
[0;32mI (96) esp_image: segment 0: paddr=00010020 vaddr=3f400020 size=0c9e8h ( 51688) map[0m
[0;32mI (123) esp_image: segment 1: paddr=0001ca10 vaddr=3ffb0000 size=02298h (  8856) load[0m
[0;32mI (127) esp_image: segment 2: paddr=0001ecb0 vaddr=40080000 size=01368h (  4968) load[0m
[0;32mI (131) esp_image: segment 3: paddr=00020020 vaddr=400d0020 size=1cf5ch (118620) map[0m
[0;32mI (180) esp_image: segment 4: paddr=0003cf84 vaddr=40081368 size=0d69ch ( 54940) load[0m
[0;32mI (211) boot: Loaded app from partition at offset 0x10000[0m
[0;32mI (211) boot: Disabling RNG early entropy source...[0m
[0;32mI (222) cpu_start: Multicore app[0m
[0;32mI (222) cpu_start: Pro cpu up.[0m
[0;32mI (223) cpu_start: Starting app cpu, entry point is 0x400812a4[0m
[0;32mI (211) cpu_start: App cpu up.[0m
[0;32mI (240) cpu_start: Pro cpu start user code[0m
[0;32mI (241) cpu_start: cpu freq: 160000000 Hz[0m
[0;32mI (241) cpu_start: Application information:[0m
[0;32mI (245) cpu_start: Project name:     lora[0m
[0;32mI (250) cpu_start: App version:      33b263b-dirty[0m
[0;32mI (255) cpu_start: Compile time:     Dec  5 2023 19:17:55[0m
[0;32mI (262) cpu_start: ELF file SHA256:  3ed3c023a411dcaa...[0m
[0;32mI (268) cpu_start: ESP-IDF:          v5.2-dev-544-g54576b7528-dirty[0m
[0;32mI (274) cpu_start: Min chip rev:     v0.0[0m
[0;32mI (279) cpu_start: Max chip rev:     v3.99 [0m
[0;32mI (284) cpu_start: Chip rev:         v1.0[0m
[0;32mI (289) heap_init: Initializing. RAM available for dynamic allocation:[0m
[0;32mI (296) heap_init: At 3FFAE6E0 len 00001920 (6 KiB): DRAM[0m
[0;32mI (302) heap_init: At 3FFB2BC0 len 0002D440 (181 KiB): DRAM[0m
[0;32mI (308) heap_init: At 3FFE0440 len 00003AE0 (14 KiB): D/IRAM[0m
[0;32mI (315) heap_init: At 3FFE4350 len 0001BCB0 (111 KiB): D/IRAM[0m
[0;32mI (321) heap_init: At 4008EA04 len 000115FC (69 KiB): IRAM[0m
[0;32mI (329) spi_flash: detected chip: generic[0m
[0;32mI (332) spi_flash: flash io: dio[0m
[0;33mW (336) spi_flash: Detected size(4096k) larger than the size in the binary image header(2048k). Using the size in the binary image header.[0m
[0;32mI (350) app_start: Starting scheduler on CPU0[0m
[0;32mI (354) app_start: Starting scheduler on CPU1[0m
[0;32mI (354) main_task: Started on CPU0[0m
[0;32mI (364) main_task: Calling app_main()[0m
[0;32mI (364) gpio: GPIO[16]| InputEn: 0| OutputEn: 0| OpenDrain: 0| Pullup: 1| Pulldown: 0| Intr:0 [0m
[0;32mI (374) gpio: GPIO[15]| InputEn: 0| OutputEn: 0| OpenDrain: 0| Pullup: 1| Pulldown: 0| Intr:0 [0m

assert failed: xQueueSemaphoreTake queue.c:1657 (pxQueue->uxItemSize == 0)


Backtrace: 0x400818ca:0x3ffb5980 0x400874c5:0x3ffb59a0 0x4008d409:0x3ffb59c0 0x40087dc6:0x3ffb5ae0 0x40087ee4:0x3ffb5b20 0x40082889:0x3ffb5b40 0x40082991:0x3ffb5b70 0x400d558f:0x3ffb5b90 0x400d44c3:0x3ffb5bb0 0x400d408a:0x3ffb5bd0 0x4000bd83:0x3ffb5bf0 0x4000117d:0x3ffb5c10 0x400592fe:0x3ffb5c30 0x4005937a:0x3ffb5c50 0x400de263:0x3ffb5c70 0x400e964b:0x3ffb5ca0 0x400e5246:0x3ffb5cc0 0x400de411:0x3ffb5fe0 0x400d56f9:0x3ffb6030 0x40089b71:0x3ffb60c0




ELF file SHA256: 3ed3c023a411dcaa711b00a907e4270780546cf3dad4ddfa4fd35af42d3ef47b

Rebooting...
ets Jun  8 2016 00:22:57

rst:0xc (SW_CPU_RESET),boot:0x13 (SPI_FAST_FLASH_BOOT)
configsip: 0, SPIWP:0xee
clk_drv:0x00,q_drv:0x00,d_drv:0x00,cs0_drv:0x00,hd_drv:0x00,wp_drv:0x00
mode:DIO, clock div:2
load:0x3fff0030,len:7104
load:0x40078000,len:15660
load:0x40080400,len:4
load:0x40080404,len:3872
entry 0x40080648
[0;32mI (29) boot: ESP-IDF v5.2-dev-544-g54576b7528-dirty 2nd stage bootloader[0m
[0;32mI (29) boot: compile time Dec  5 2023 19:17:58[0m
[0;32mI (31) boot: Multicore bootloader[0m
[0;32mI (35) boot: chip revision: v1.0[0m
[0;32mI (39) boot.esp32: SPI Speed      : 40MHz[0m
[0;32mI (44) boot.esp32: SPI Mode       : DIO[0m
[0;32mI (48) boot.esp32: SPI Flash Size : 2MB[0m
[0;32mI (53) boot: Enabling RNG early entropy source...[0m
[0;32mI (58) boot: Partition Table:[0m
[0;32mI (62) boot: ## Label            Usage          Type ST Offset   Length[0m
[0;32mI (69) boot:  0 nvs              WiFi data        01 02 00009000 00006000[0m
[0;32mI (77) boot:  1 phy_init         RF data          01 01 0000f000 00001000[0m
[0;32mI (84) boot:  2 factory          factory app      00 00 00010000 00100000[0m
[0;32mI (92) boot: End of partition table[0m
[0;32mI (96) esp_image: segment 0: paddr=00010020 vaddr=3f400020 size=0c9e8h ( 51688) map[0m
[0;32mI (123) esp_image: segment 1: paddr=0001ca10 vaddr=3ffb0000 size=02298h (  8856) load[0m
[0;32mI (127) esp_image: segment 2: paddr=0001ecb0 vaddr=40080000 size=01368h (  4968) load[0m
[0;32mI (131) esp_image: segment 3: paddr=00020020 vaddr=400d0020 size=1cf5ch (118620) map[0m
[0;32mI (180) esp_image: segment 4: paddr=0003cf84 vaddr=40081368 size=0d69ch ( 54940) load[0m
[0;32mI (211) boot: Loaded app from partition at offset 0x10000[0m
[0;32mI (211) boot: Disabling RNG early entropy source...[0m
[0;32mI (222) cpu_start: Multicore app[0m
[0;32mI (222) cpu_start: Pro cpu up.[0m
[0;32mI (223) cpu_start: Starting app cpu, entry point is 0x400812a4[0m
[0;32mI (211) cpu_start: App cpu up.[0m
[0;32mI (241) cpu_start: Pro cpu start user code[0m
[0;32mI (241) cpu_start: cpu freq: 160000000 Hz[0m
[0;32mI (241) cpu_start: Application information:[0m
[0;32mI (245) cpu_start: Project name:     lora[0m
[0;32mI (250) cpu_start: App version:      33b263b-dirty[0m
[0;32mI (255) cpu_start: Compile time:     Dec  5 2023 19:17:55[0m
[0;32mI (262) cpu_start: ELF file SHA256:  3ed3c023a411dcaa...[0m
[0;32mI (268) cpu_start: ESP-IDF:          v5.2-dev-544-g54576b7528-dirty[0m
[0;32mI (274) cpu_start: Min chip rev:     v0.0[0m
[0;32mI (279) cpu_start: Max chip rev:     v3.99 [0m
[0;32mI (284) cpu_start: Chip rev:         v1.0[0m
[0;32mI (289) heap_init: Initializing. RAM available for dynamic allocation:[0m
[0;32mI (296) heap_init: At 3FFAE6E0 len 00001920 (6 KiB): DRAM[0m
[0;32mI (302) heap_init: At 3FFB2BC0 len 0002D440 (181 KiB): DRAM[0m
[0;32mI (308) heap_init: At 3FFE0440 len 00003AE0 (14 KiB): D/IRAM[0m
[0;32mI (315) heap_init: At 3FFE4350 len 0001BCB0 (111 KiB): D/IRAM[0m
[0;32mI (321) heap_init: At 4008EA04 len 000115FC (69 KiB): IRAM[0m
[0;32mI (329) spi_flash: detected chip: generic[0m
[0;32mI (332) spi_flash: flash io: dio[0m
[0;33mW (336) spi_flash: Detected size(4096k) larger than the size in the binary image header(2048k). Using the size in the binary image header.[0m
[0;32mI (350) app_start: Starting scheduler on CPU0[0m
[0;32mI (354) app_start: Starting scheduler on CPU1[0m
[0;32mI (354) main_task: Started on CPU0[0m
[0;32mI (364) main_task: Calling app_main()[0m
[0;32mI (364) gpio: GPIO[16]| InputEn: 0| OutputEn: 0| OpenDrain: 0| Pullup: 1| Pulldown: 0| Intr:0 [0m
[0;32mI (374) gpio: GPIO[15]| InputEn: 0| OutputEn: 0| OpenDrain: 0| Pullup: 1| Pulldown: 0| Intr:0 [0m

assert failed: xQueueSemaphoreTake queue.c:1657 (pxQueue->uxItemSize == 0)


Backtrace: 0x400818ca:0x3ffb5980 0x400874c5:0x3ffb59a0 0x4008d409:0x3ffb59c0 0x40087dc6:0x3ffb5ae0 0x40087ee4:0x3ffb5b20 0x40082889:0x3ffb5b40 0x40082991:0x3ffb5b70 0x400d558f:0x3ffb5b90 0x400d44c3:0x3ffb5bb0 0x400d408a:0x3ffb5bd0 0x4000bd83:0x3ffb5bf0 0x4000117d:0x3ffb5c10 0x400592fe:0x3ffb5c30 0x4005937a:0x3ffb5c50 0x400de263:0x3ffb5c70 0x400e964b:0x3ffb5ca0 0x400e5246:0x3ffb5cc0 0x400de411:0x3ffb5fe0 0x400d56f9:0x3ffb6030 0x40089b71:0x3ffb60c0




ELF file SHA256: 3ed3c023a411dcaa711b00a907e4270780546cf3dad4ddfa4fd35af42d3ef47b

Rebooting...
ets Jun  8 2016 00:22:57

rst:0xc (SW_CPU_RESET),boot:0x13 (SPI_FAST_FLASH_BOOT)
configsip: 0, SPIWP:0xee
clk_drv:0x00,q_drv:0x00,d_drv:0x00,cs0_drv:0x00,hd_drv:0x00,wp_drv:0x00
mode:DIO, clock div:2
load:0x3fff0030,len:7104
load:0x40078000,len:15660
load:0x40080400,len:4
load:0x40080404,len:3872
entry 0x40080648
[0;32mI (29) boot: ESP-IDF v5.2-dev-544-g54576b7528-dirty 2nd stage bootloader[0m
[0;32mI (29) boot: compile time Dec  5 2023 19:17:58[0m
[0;32mI (31) boot: Multicore bootloader[0m
[0;32mI (35) boot: chip revision: v1.0[0m
[0;32mI (39) boot.esp32: SPI Speed      : 40MHz[0m
[0;32mI (44) boot.esp32: SPI Mode       : DIO[0m
[0;32mI (48) boot.esp32: SPI Flash Size : 2MB[0m
[0;32mI (53) boot: Enabling RNG early entropy source...[0m
[0;32mI (58) boot: Partition Table:[0m
[0;32mI (62) boot: ## Label            Usage          Type ST Offset   Length[0m
[0;32mI (69) boot:  0 nvs              WiFi data        01 02 00009000 00006000[0m
[0;32mI (77) boot:  1 phy_init         RF data          01 01 0000f000 00001000[0m
[0;32mI (84) boot:  2 factory          factory app      00 00 00010000 00100000[0m
[0;32mI (92) boot: End of partition table[0m
[0;32mI (96) esp_image: segment 0: paddr=00010020 vaddr=3f400020 size=0c9e8h ( 51688) map[0m
[0;32mI (123) esp_image: segment 1: paddr=0001ca10 vaddr=3ffb0000 size=02298h (  8856) load[0m
[0;32mI (127) esp_image: segment 2: paddr=0001ecb0 vaddr=40080000 size=01368h (  4968) load[0m
[0;32mI (131) esp_image: segment 3: paddr=00020020 vaddr=400d0020 size=1cf5ch (118620) map[0m
[0;32mI (180) esp_image: segment 4: paddr=0003cf84 vaddr=40081368 size=0d69ch ( 54940) load[0m
[0;32mI (211) boot: Loaded app from partition at offset 0x10000[0m
[0;32mI (211) boot: Disabling RNG early entropy source...[0m
[0;32mI (222) cpu_start: Multicore app[0m
[0;32mI (222) cpu_start: Pro cpu up.[0m
[0;32mI (223) cpu_start: Starting app cpu, entry point is 0x400812a4[0m
[0;32mI (211) cpu_start: App cpu up.[0m
[0;32mI (241) cpu_start: Pro cpu start user code[0m
[0;32mI (241) cpu_start: cpu freq: 160000000 Hz[0m
[0;32mI (241) cpu_start: Application information:[0m
[0;32mI (245) cpu_start: Project name:     lora[0m
[0;32mI (250) cpu_start: App version:      33b263b-dirty[0m
[0;32mI (255) cpu_start: Compile time:     Dec  5 2023 19:17:55[0m
[0;32mI (262) cpu_start: ELF file SHA256:  3ed3c023a411dcaa...[0m
[0;32mI (268) cpu_start: ESP-IDF:          v5.2-dev-544-g54576b7528-dirty[0m
[0;32mI (274) cpu_start: Min chip rev:     v0.0[0m
[0;32mI (279) cpu_start: Max chip rev:     v3.99 [0m
[0;32mI (284) cpu_start: Chip rev:         v1.0[0m
[0;32mI (289) heap_init: Initializing. RAM available for dynamic allocation:[0m
[0;32mI (296) heap_init: At 3FFAE6E0 len 00001920 (6 KiB): DRAM[0m
[0;32mI (302) heap_init: At 3FFB2BC0 len 0002D440 (181 KiB): DRAM[0m
[0;32mI (308) heap_init: At 3FFE0440 len 00003AE0 (14 KiB): D/IRAM[0m
[0;32mI (315) heap_init: At 3FFE4350 len 0001BCB0 (111 KiB): D/IRAM[0m
[0;32mI (321) heap_init: At 4008EA04 len 000115FC (69 KiB): IRAM[0m
[0;32mI (329) spi_flash: detected chip: generic[0m
[0;32mI (332) spi_flash: flash io: dio[0m
[0;33mW (336) spi_flash: Detected size(4096k) larger than the size in the binary image header(2048k). Using the size in the binary image header.[0m
[0;32mI (350) app_start: Starting scheduler on CPU0[0m
[0;32mI (354) app_start: Starting scheduler on CPU1[0m
[0;32mI (354) main_task: Started on CPU0[0m
[0;32mI (364) main_task: Calling app_main()[0m
[0;32mI (364) gpio: GPIO[16]| InputEn: 0| OutputEn: 0| OpenDrain: 0| Pullup: 1| Pulldown: 0| Intr:0 [0m
[0;32mI (374) gpio: GPIO[15]| InputEn: 0| OutputEn: 0| OpenDrain: 0| Pullup: 1| Pulldown: 0| Intr:0 [0m

assert failed: xQueueSemaphoreTake queue.c:1657 (pxQueue->uxItemSize == 0)


Backtrace: 0x400818ca:0x3ffb5980 0x400874c5:0x3ffb59a0 0x4008d409:0x3ffb59c0 0x40087dc6:0x3ffb5ae0 0x40087ee4:0x3ffb5b20 0x40082889:0x3ffb5b40 0x40082991:0x3ffb5b70 0x400d558f:0x3ffb5b90 0x400d44c3:0x3ffb5bb0 0x400d408a:0x3ffb5bd0 0x4000bd83:0x3ffb5bf0 0x4000117d:0x3ffb5c10 0x400592fe:0x3ffb5c30 0x4005937a:0x3ffb5c50 0x400de263:0x3ffb5c70 0x400e964b:0x3ffb5ca0 0x400e5246:0x3ffb5cc0 0x400de411:0x3ffb5fe0 0x400d56f9:0x3ffb6030 0x40089b71:0x3ffb60c0




ELF file SHA256: 3ed3c023a411dcaa711b00a907e4270780546cf3dad4ddfa4fd35af42d3ef47b

Rebooting...
ets Jun  8 2016 00:22:57

rst:0xc (SW_CPU_RESET),boot:0x13 (SPI_FAST_FLASH_BOOT)
configsip: 0, SPIWP:0xee
clk_drv:0x00,q_drv:0x00,d_drv:0x00,cs0_drv:0x00,hd_drv:0x00,wp_drv:0x00
mode:DIO, clock div:2
load:0x3fff0030,len:7104
load:0x40078000,len:15660
load:0x40080400,len:4
load:0x40080404,len:3872
entry 0x40080648
[0;32mI (29) boot: ESP-IDF v5.2-dev-544-g54576b7528-dirty 2nd stage bootloader[0m
[0;32mI (29) boot: compile time Dec  5 2023 19:17:58[0m
[0;32mI (31) boot: Multicore bootloader[0m
[0;32mI (35) boot: chip revision: v1.0[0m
[0;32mI (39) boot.esp32: SPI Speed      : 40MHz[0m
[0;32mI (44) boot.esp32: SPI Mode       : DIO[0m
[0;32mI (48) boot.esp32: SPI Flash Size : 2MB[0m
[0;32mI (53) boot: Enabling RNG early entropy source...[0m
[0;32mI (58) boot: Partition Table:[0m
[0;32mI (62) boot: ## Label            Usage          Type ST Offset   Length[0m
[0;32mI (69) boot:  0 nvs              WiFi data        01 02 00009000 00006000[0m
[0;32mI (77) boot:  1 phy_init         RF data          01 01 0000f000 00001000[0m
[0;32mI (84) boot:  2 factory          factory app      00 00 00010000 00100000[0m
[0;32mI (92) boot: End of partition table[0m
[0;32mI (96) esp_image: segment 0: paddr=00010020 vaddr=3f400020 size=0c9e8h ( 51688) map[0m
[0;32mI (123) esp_image: segment 1: paddr=0001ca10 vaddr=3ffb0000 size=02298h (  8856) load[0m
[0;32mI (127) esp_image: segment 2: paddr=0001ecb0 vaddr=40080000 size=01368h (  4968) load[0m
[0;32mI (131) esp_image: segment 3: paddr=00020020 vaddr=400d0020 size=1cf5ch (118620) map[0m
[0;32mI (180) esp_image: segment 4: paddr=0003cf84 vaddr=40081368 size=0d69ch ( 54940) load[0m
[0;32mI (211) boot: Loaded app from partition at offset 0x10000[0m
[0;32mI (211) boot: Disabling RNG early entropy source...[0m
[0;32mI (222) cpu_start: Multicore app[0m
[0;32mI (222) cpu_start: Pro cpu up.[0m
[0;32mI (223) cpu_start: Starting app cpu, entry point is 0x400812a4[0m
[0;32mI (211) cpu_start: App cpu up.[0m
[0;32mI (240) cpu_start: Pro cpu start user code[0m
[0;32mI (241) cpu_start: cpu freq: 160000000 Hz[0m
[0;32mI (241) cpu_start: Application information:[0m
[0;32mI (245) cpu_start: Project name:     lora[0m
[0;32mI (250) cpu_start: App version:      33b263b-dirty[0m
[0;32mI (255) cpu_start: Compile time:     Dec  5 2023 19:17:55[0m
[0;32mI (262) cpu_start: ELF file SHA256:  3ed3c023a411dcaa...[0m
[0;32mI (268) cpu_start: ESP-IDF:          v5.2-dev-544-g54576b7528-dirty[0m
[0;32mI (274) cpu_start: Min chip rev:     v0.0[0m
[0;32mI (279) cpu_start: Max chip rev:     v3.99 [0m
[0;32mI (284) cpu_start: Chip rev:         v1.0[0m
[0;32mI (289) heap_init: Initializing. RAM available for dynamic allocation:[0m
[0;32mI (296) heap_init: At 3FFAE6E0 len 00001920 (6 KiB): DRAM[0m
[0;32mI (302) heap_init: At 3FFB2BC0 len 0002D440 (181 KiB): DRAM[0m
[0;32mI (308) heap_init: At 3FFE0440 len 00003AE0 (14 KiB): D/IRAM[0m
[0;32mI (315) heap_init: At 3FFE4350 len 0001BCB0 (111 KiB): D/IRAM[0m
[0;32mI (321) heap_init: At 4008EA04 len 000115FC (69 KiB): IRAM[0m
[0;32mI (329) spi_flash: detected chip: generic[0m
[0;32mI (332) spi_flash: flash io: dio[0m
[0;33mW (336) spi_flash: Detected size(4096k) larger than the size in the binary image header(2048k). Using the size in the binary image header.[0m
[0;32mI (350) app_start: Starting scheduler on CPU0[0m
[0;32mI (354) app_start: Starting scheduler on CPU1[0m
[0;32mI (354) main_task: Started on CPU0[0m
[0;32mI (364) main_task: Calling app_main()[0m
[0;32mI (364) gpio: GPIO[16]| InputEn: 0| OutputEn: 0| OpenDrain: 0| Pullup: 1| Pulldown: 0| Intr:0 [0m
[0;32mI (374) gpio: GPIO[15]| InputEn: 0| OutputEn: 0| OpenDrain: 0| Pullup: 1| Pulldown: 0| Intr:0 [0m

assert failed: xQueueSemaphoreTake queue.c:1657 (pxQueue->uxItemSize == 0)


Backtrace: 0x400818ca:0x3ffb5980 0x400874c5:0x3ffb59a0 0x4008d409:0x3ffb59c0 0x40087dc6:0x3ffb5ae0 0x40087ee4:0x3ffb5b20 0x40082889:0x3ffb5b40 0x40082991:0x3ffb5b70 0x400d558f:0x3ffb5b90 0x400d44c3:0x3ffb5bb0 0x400d408a:0x3ffb5bd0 0x4000bd83:0x3ffb5bf0 0x4000117d:0x3ffb5c10 0x400592fe:0x3ffb5c30 0x4005937a:0x3ffb5c50 0x400de263:0x3ffb5c70 0x400e964b:0x3ffb5ca0 0x400e5246:0x3ffb5cc0 0x400de411:0x3ffb5fe0 0x400d56f9:0x3ffb6030 0x40089b71:0x3ffb60c0




ELF file SHA256: 3ed3c023a411dcaa711b00a907e4270780546cf3dad4ddfa4fd35af42d3ef47b

Rebooting...
ets Jun  8 2016 00:22:57

rst:0xc (SW_CPU_RESET),boot:0x13 (SPI_FAST_FLASH_BOOT)
configsip: 0, SPIWP:0xee
clk_drv:0x00,q_drv:0x00,d_drv:0x00,cs0_drv:0x00,hd_drv:0x00,wp_drv:0x00
mode:DIO, clock div:2
load:0x3fff0030,len:7104
load:0x40078000,len:15660
load:0x40080400,len:4
load:0x40080404,len:3872
entry 0x40080648
[0;32mI (29) boot: ESP-IDF v5.2-dev-544-g54576b7528-dirty 2nd stage bootloader[0m
[0;32mI (29) boot: compile time Dec  5 2023 19:17:58[0m
[0;32mI (31) boot: Multicore bootloader[0m
[0;32mI (35) boot: chip revision: v1.0[0m
[0;32mI (39) boot.esp32: SPI Speed      : 40MHz[0m
[0;32mI (44) boot.esp32: SPI Mode       : DIO[0m
[0;32mI (48) boot.esp32: SPI Flash Size : 2MB[0m
[0;32mI (53) boot: Enabling RNG early entropy source...[0m
[0;32mI (58) boot: Partition Table:[0m
[0;32mI (62) boot: ## Label            Usage          Type ST Offset   Length[0m
[0;32mI (69) boot:  0 nvs              WiFi data        01 02 00009000 00006000[0m
[0;32mI (77) boot:  1 phy_init         RF data          01 01 0000f000 00001000[0m
[0;32mI (84) boot:  2 factory          factory app      00 00 00010000 00100000[0m
[0;32mI (92) boot: End of partition table[0m
[0;32mI (96) esp_image: segment 0: paddr=00010020 vaddr=3f400020 size=0c9e8h ( 51688) map[0m
[0;32mI (123) esp_image: segment 1: paddr=0001ca10 vaddr=3ffb0000 size=02298h (  8856) load[0m
[0;32mI (127) esp_image: segment 2: paddr=0001ecb0 vaddr=40080000 size=01368h (  4968) load[0m
[0;32mI (131) esp_image: segment 3: paddr=00020020 vaddr=400d0020 size=1cf5ch (118620) map[0m
[0;32mI (180) esp_image: segment 4: paddr=0003cf84 vaddr=40081368 size=0d69ch ( 54940) load[0m
[0;32mI (211) boot: Loaded app from partition at offset 0x10000[0m
[0;32mI (211) boot: Disabling RNG early entropy source...[0m
[0;32mI (222) cpu_start: Multicore app[0m
[0;32mI (222) cpu_start: Pro cpu up.[0m
[0;32mI (223) cpu_start: Starting app cpu, entry point is 0x400812a4[0m
[0;32mI (211) cpu_start: App cpu up.[0m
[0;32mI (241) cpu_start: Pro cpu start user code[0m
[0;32mI (241) cpu_start: cpu freq: 160000000 Hz[0m
[0;32mI (241) cpu_start: Application information:[0m
[0;32mI (245) cpu_start: Project name:     lora[0m
[0;32mI (250) cpu_start: App version:      33b263b-dirty[0m
[0;32mI (255) cpu_start: Compile time:     Dec  5 2023 19:17:55[0m
[0;32mI (262) cpu_start: ELF file SHA256:  3ed3c023a411dcaa...[0m
[0;32mI (268) cpu_start: ESP-IDF:          v5.2-dev-544-g54576b7528-dirty[0m
[0;32mI (274) cpu_start: Min chip rev:     v0.0[0m
[0;32mI (279) cpu_start: Max chip rev:     v3.99 [0m
[0;32mI (284) cpu_start: Chip rev:         v1.0[0m
[0;32mI (289) heap_init: Initializing. RAM available for dynamic allocation:[0m
[0;32mI (296) heap_init: At 3FFAE6E0 len 00001920 (6 KiB): DRAM[0m
[0;32mI (302) heap_init: At 3FFB2BC0 len 0002D440 (181 KiB): DRAM[0m
[0;32mI (308) heap_init: At 3FFE0440 len 00003AE0 (14 KiB): D/IRAM[0m
[0;32mI (315) heap_init: At 3FFE4350 len 0001BCB0 (111 KiB): D/IRAM[0m
[0;32mI (321) heap_init: At 4008EA04 len 000115FC (69 KiB): IRAM[0m
[0;32mI (329) spi_flash: detected chip: generic[0m
[0;32mI (332) spi_flash: flash io: dio[0m
[0;33mW (336) spi_flash: Detected size(4096k) larger than the size in the binary image header(2048k). Using the size in the binary image header.[0m
[0;32mI (350) app_start: Starting scheduler on CPU0[0m
[0;32mI (354) app_start: Starting scheduler on CPU1[0m
[0;32mI (354) main_task: Started on CPU0[0m
[0;32mI (364) main_task: Calling app_main()[0m
[0;32mI (364) gpio: GPIO[16]| InputEn: 0| OutputEn: 0| OpenDrain: 0| Pullup: 1| Pulldown: 0| Intr:0 [0m
[0;32mI (374) gpio: GPIO[15]| InputEn: 0| OutputEn: 0| OpenDrain: 0| Pullup: 1| Pulldown: 0| Intr:0 [0m

assert failed: xQueueSemaphoreTake queue.c:1657 (pxQueue->uxItemSize == 0)


Backtrace: 0x400818ca:0x3ffb5980 0x400874c5:0x3ffb59a0 0x4008d409:0x3ffb59c0 0x40087dc6:0x3ffb5ae0 0x40087ee4:0x3ffb5b20 0x40082889:0x3ffb5b40 0x40082991:0x3ffb5b70 0x400d558f:0x3ffb5b90 0x400d44c3:0x3ffb5bb0 0x400d408a:0x3ffb5bd0 0x4000bd83:0x3ffb5bf0 0x4000117d:0x3ffb5c10 0x400592fe:0x3ffb5c30 0x4005937a:0x3ffb5c50 0x400de263:0x3ffb5c70 0x400e964b:0x3ffb5ca0 0x400e5246:0x3ffb5cc0 0x400de411:0x3ffb5fe0 0x400d56f9:0x3ffb6030 0x40089b71:0x3ffb60c0




ELF file SHA256: 3ed3c023a411dcaa711b00a907e4270780546cf3dad4ddfa4fd35af42d3ef47b

Rebooting...
ets Jun  8 2016 00:22:57

rst:0xc (SW_CPU_RESET),boot:0x13 (SPI_FAST_FLASH_BOOT)
configsip: 0, SPIWP:0xee
clk_drv:0x00,q_drv:0x00,d_drv:0x00,cs0_drv:0x00,hd_drv:0x00,wp_drv:0x00
mode:DIO, clock div:2
load:0x3fff0030,len:7104
load:0x40078000,len:15660
load:0x40080400,len:4
load:0x40080404,len:3872
entry 0x40080648
[0;32mI (29) boot: ESP-IDF v5.2-dev-544-g54576b7528-dirty 2nd stage bootloader[0m
[0;32mI (29) boot: compile time Dec  5 2023 19:17:58[0m
[0;32mI (31) boot: Multicore bootloader[0m
[0;32mI (35) boot: chip revision: v1.0[0m
[0;32mI (39) boot.esp32: SPI Speed      : 40MHz[0m
[0;32mI (44) boot.esp32: SPI Mode       : DIO[0m
[0;32mI (48) boot.esp32: SPI Flash Size : 2MB[0m
[0;32mI (53) boot: Enabling RNG early entropy source...[0m
[0;32mI (58) boot: Partition Table:[0m
[0;32mI (62) boot: ## Label            Usage          Type ST Offset   Length[0m
[0;32mI (69) boot:  0 nvs              WiFi data        01 02 00009000 00006000[0m
[0;32mI (77) boot:  1 phy_init         RF data          01 01 0000f000 00001000[0m
[0;32mI (84) boot:  2 factory          factory app      00 00 00010000 00100000[0m
[0;32mI (92) boot: End of partition table[0m
[0;32mI (96) esp_image: segment 0: paddr=00010020 vaddr=3f400020 size=0c9e8h ( 51688) map[0m
[0;32mI (123) esp_image: segment 1: paddr=0001ca10 vaddr=3ffb0000 size=02298h (  8856) load[0m
[0;32mI (127) esp_image: segment 2: paddr=0001ecb0 vaddr=40080000 size=01368h (  4968) load[0m
[0;32mI (131) esp_image: segment 3: paddr=00020020 vaddr=400d0020 size=1cf5ch (118620) map[0m
[0;32mI (180) esp_image: segment 4: paddr=0003cf84 vaddr=40081368 size=0d69ch ( 54940) load[0m
[0;32mI (211) boot: Loaded app from partition at offset 0x10000[0m
[0;32mI (211) boot: Disabling RNG early entropy source...[0m
[0;32mI (222) cpu_start: Multicore app[0m
[0;32mI (222) cpu_start: Pro cpu up.[0m
[0;32mI (223) cpu_start: Starting app cpu, entry point is 0x400812a4[0m
[0;32mI (211) cpu_start: App cpu up.[0m
[0;32mI (240) cpu_start: Pro cpu start user code[0m
[0;32mI (241) cpu_start: cpu freq: 160000000 Hz[0m
[0;32mI (241) cpu_start: Application information:[0m
[0;32mI (245) cpu_start: Project name:     lora[0m
[0;32mI (250) cpu_start: App version:      33b263b-dirty[0m
[0;32mI (255) cpu_start: Compile time:     Dec  5 2023 19:17:55[0m
[0;32mI (262) cpu_start: ELF file SHA256:  3ed3c023a411dcaa...[0m
[0;32mI (268) cpu_start: ESP-IDF:          v5.2-dev-544-g54576b7528-dirty[0m
[0;32mI (274) cpu_start: Min chip rev:     v0.0[0m
[0;32mI (279) cpu_start: Max chip rev:     v3.99 [0m
[0;32mI (284) cpu_start: Chip rev:         v1.0[0m
[0;32mI (289) heap_init: Initializing. RAM available for dynamic allocation:[0m
[0;32mI (296) heap_init: At 3FFAE6E0 len 00001920 (6 KiB): DRAM[0m
[0;32mI (302) heap_init: At 3FFB2BC0 len 0002D440 (181 KiB): DRAM[0m
[0;32mI (308) heap_init: At 3FFE0440 len 00003AE0 (14 KiB): D/IRAM[0m
[0;32mI (315) heap_init: At 3FFE4350 len 0001BCB0 (111 KiB): D/IRAM[0m
[0;32mI (321) heap_init: At 4008EA04 len 000115FC (69 KiB): IRAM[0m
[0;32mI (329) spi_flash: detected chip: generic[0m
[0;32mI (332) spi_flash: flash io: dio[0m
[0;33mW (336) spi_flash: Detected size(4096k) larger than the size in the binary image header(2048k). Using the size in the binary image header.[0m
[0;32mI (350) app_start: Starting scheduler on CPU0[0m
[0;32mI (354) app_start: Starting scheduler on CPU1[0m
[0;32mI (354) main_task: Started on CPU0[0m
[0;32mI (364) main_task: Calling app_main()[0m
[0;32mI (364) gpio: GPIO[16]| InputEn: 0| OutputEn: 0| OpenDrain: 0| Pullup: 1| Pulldown: 0| Intr:0 [0m
[0;32mI (374) gpio: GPIO[15]| InputEn: 0| OutputEn: 0| OpenDrain: 0| Pullup: 1| Pulldown: 0| Intr:0 [0m

assert failed: xQueueSemaphoreTake queue.c:1657 (pxQueue->uxItemSize == 0)


Backtrace: 0x400818ca:0x3ffb5980 0x400874c5:0x3ffb59a0 0x4008d409:0x3ffb59c0 0x40087dc6:0x3ffb5ae0 0x40087ee4:0x3ffb5b20 0x40082889:0x3ffb5b40 0x40082991:0x3ffb5b70 0x400d558f:0x3ffb5b90 0x400d44c3:0x3ffb5bb0 0x400d408a:0x3ffb5bd0 0x4000bd83:0x3ffb5bf0 0x4000117d:0x3ffb5c10 0x400592fe:0x3ffb5c30 0x4005937a:0x3ffb5c50 0x400de263:0x3ffb5c70 0x400e964b:0x3ffb5ca0 0x400e5246:0x3ffb5cc0 0x400de411:0x3ffb5fe0 0x400d56f9:0x3ffb6030 0x40089b71:0x3ffb60c0




ELF file SHA256: 3ed3c023a411dcaa711b00a907e4270780546cf3dad4ddfa4fd35af42d3ef47b

Rebooting...
ets Jun  8 2016 00:22:57

rst:0xc (SW_CPU_RESET),boot:0x13 (SPI_FAST_FLASH_BOOT)
configsip: 0, SPIWP:0xee
clk_drv:0x00,q_drv:0x00,d_drv:0x00,cs0_drv:0x00,hd_drv:0x00,wp_drv:0x00
mode:DIO, clock div:2
load:0x3fff0030,len:7104
load:0x40078000,len:15660
load:0x40080400,len:4
load:0x40080404,len:3872
entry 0x40080648
[0;32mI (29) boot: ESP-IDF v5.2-dev-544-g54576b7528-dirty 2nd stage bootloader[0m
[0;32mI (29) boot: compile time Dec  5 2023 19:17:58[0m
[0;32mI (31) boot: Multicore bootloader[0m
[0;32mI (35) boot: chip revision: v1.0[0m
[0;32mI (39) boot.esp32: SPI Speed      : 40MHz[0m
[0;32mI (44) boot.esp32: SPI Mode       : DIO[0m
[0;32mI (48) boot.esp32: SPI Flash Size : 2MB[0m
[0;32mI (53) boot: Enabling RNG early entropy source...[0m
[0;32mI (58) boot: Partition Table:[0m
[0;32mI (62) boot: ## Label            Usage          Type ST Offset   Length[0m
[0;32mI (69) boot:  0 nvs              WiFi data        01 02 00009000 00006000[0m
[0;32mI (77) boot:  1 phy_init         RF data          01 01 0000f000 00001000[0m
[0;32mI (84) boot:  2 factory          factory app      00 00 00010000 00100000[0m
[0;32mI (92) boot: End of partition table[0m
[0;32mI (96) esp_image: segment 0: paddr=00010020 vaddr=3f400020 size=0c9e8h ( 51688) map[0m
[0;32mI (123) esp_image: segment 1: paddr=0001ca10 vaddr=3ffb0000 size=02298h (  8856) load[0m
[0;32mI (127) esp_image: segment 2: paddr=0001ecb0 vaddr=40080000 size=01368h (  4968) load[0m
[0;32mI (131) esp_image: segment 3: paddr=00020020 vaddr=400d0020 size=1cf5ch (118620) map[0m
[0;32mI (180) esp_image: segment 4: paddr=0003cf84 vaddr=40081368 size=0d69ch ( 54940) load[0m
[0;32mI (211) boot: Loaded app from partition at offset 0x10000[0m
[0;32mI (211) boot: Disabling RNG early entropy source...[0m
[0;32mI (222) cpu_start: Multicore app[0m
[0;32mI (222) cpu_start: Pro cpu up.[0m
[0;32mI (223) cpu_start: Starting app cpu, entry point is 0x400812a4[0m
[0;32mI (211) cpu_start: App cpu up.[0m
[0;32mI (240) cpu_start: Pro cpu start user code[0m
[0;32mI (241) cpu_start: cpu freq: 160000000 Hz[0m
[0;32mI (241) cpu_start: Application information:[0m
[0;32mI (245) cpu_start: Project name:     lora[0m
[0;32mI (250) cpu_start: App version:      33b263b-dirty[0m
[0;32mI (255) cpu_start: Compile time:     Dec  5 2023 19:17:55[0m
[0;32mI (262) cpu_start: ELF file SHA256:  3ed3c023a411dcaa...[0m
[0;32mI (268) cpu_start: ESP-IDF:          v5.2-dev-544-g54576b7528-dirty[0m
[0;32mI (274) cpu_start: Min chip rev:     v0.0[0m
[0;32mI (279) cpu_start: Max chip rev:     v3.99 [0m
[0;32mI (284) cpu_start: Chip rev:         v1.0[0m
[0;32mI (289) heap_init: Initializing. RAM available for dynamic allocation:[0m
[0;32mI (296) heap_init: At 3FFAE6E0 len 00001920 (6 KiB): DRAM[0m
[0;32mI (302) heap_init: At 3FFB2BC0 len 0002D440 (181 KiB): DRAM[0m
[0;32mI (308) heap_init: At 3FFE0440 len 00003AE0 (14 KiB): D/IRAM[0m
[0;32mI (315) heap_init: At 3FFE4350 len 0001BCB0 (111 KiB): D/IRAM[0m
[0;32mI (321) heap_init: At 4008EA04 len 000115FC (69 KiB): IRAM[0m
[0;32mI (329) spi_flash: detected chip: generic[0m
[0;32mI (332) spi_flash: flash io: dio[0m
[0;33mW (336) spi_flash: Detected size(4096k) larger than the size in the binary image header(2048k). Using the size in the binary image header.[0m
[0;32mI (350) app_start: Starting scheduler on CPU0[0m
[0;32mI (354) app_start: Starting scheduler on CPU1[0m
[0;32mI (354) main_task: Started on CPU0[0m
[0;32mI (364) main_task: Calling app_main()[0m
[0;32mI (364) gpio: GPIO[16]| InputEn: 0| OutputEn: 0| OpenDrain: 0| Pullup: 1| Pulldown: 0| Intr:0 [0m
[0;32mI (374) gpio: GPIO[15]| InputEn: 0| OutputEn: 0| OpenDrain: 0| Pullup: 1| Pulldown: 0| Intr:0 [0m

assert failed: xQueueSemaphoreTake queue.c:1657 (pxQueue->uxItemSize == 0)


Backtrace: 0x400818ca:0x3ffb5980 0x400874c5:0x3ffb59a0 0x4008d409:0x3ffb59c0 0x40087dc6:0x3ffb5ae0 0x40087ee4:0x3ffb5b20 0x40082889:0x3ffb5b40 0x40082991:0x3ffb5b70 0x400d558f:0x3ffb5b90 0x400d44c3:0x3ffb5bb0 0x400d408a:0x3ffb5bd0 0x4000bd83:0x3ffb5bf0 0x4000117d:0x3ffb5c10 0x400592fe:0x3ffb5c30 0x4005937a:0x3ffb5c50 0x400de263:0x3ffb5c70 0x400e964b:0x3ffb5ca0 0x400e5246:0x3ffb5cc0 0x400de411:0x3ffb5fe0 0x400d56f9:0x3ffb6030 0x40089b71:0x3ffb60c0




ELF file SHA256: 3ed3c023a411dcaa711b00a907e4270780546cf3dad4ddfa4fd35af42d3ef47b

Rebooting...
ets Jun  8 2016 00:22:57

rst:0xc (SW_CPU_RESET),boot:0x13 (SPI_FAST_FLASH_BOOT)
configsip: 0, SPIWP:0xee
clk_drv:0x00,q_drv:0x00,d_drv:0x00,cs0_drv:0x00,hd_drv:0x00,wp_drv:0x00
mode:DIO, clock div:2
load:0x3fff0030,len:7104
load:0x40078000,len:15660
load:0x40080400,len:4
load:0x40080404,len:3872
entry 0x40080648
[0;32mI (29) boot: ESP-IDF v5.2-dev-544-g54576b7528-dirty 2nd stage bootloader[0m
[0;32mI (29) boot: compile time Dec  5 2023 19:17:58[0m
[0;32mI (31) boot: Multicore bootloader[0m
[0;32mI (35) boot: chip revision: v1.0[0m
[0;32mI (39) boot.esp32: SPI Speed      : 40MHz[0m
[0;32mI (44) boot.esp32: SPI Mode       : DIO[0m
[0;32mI (48) boot.esp32: SPI Flash Size : 2MB[0m
[0;32mI (53) boot: Enabling RNG early entropy source...[0m
[0;32mI (58) boot: Partition Table:[0m
[0;32mI (62) boot: ## Label            Usage          Type ST Offset   Length[0m
[0;32mI (69) boot:  0 nvs              WiFi data        01 02 00009000 00006000[0m
[0;32mI (77) boot:  1 phy_init         RF data          01 01 0000f000 00001000[0m
[0;32mI (84) boot:  2 factory          factory app      00 00 00010000 00100000[0m
[0;32mI (92) boot: End of partition table[0m
[0;32mI (96) esp_image: segment 0: paddr=00010020 vaddr=3f400020 size=0c9e8h ( 51688) map[0m
[0;32mI (123) esp_image: segment 1: paddr=0001ca10 vaddr=3ffb0000 size=02298h (  8856) load[0m
[0;32mI (127) esp_image: segment 2: paddr=0001ecb0 vaddr=40080000 size=01368h (  4968) load[0m
[0;32mI (131) esp_image: segment 3: paddr=00020020 vaddr=400d0020 size=1cf5ch (118620) map[0m
[0;32mI (180) esp_image: segment 4: paddr=0003cf84 vaddr=40081368 size=0d69ch ( 54940) load[0m
[0;32mI (211) boot: Loaded app from partition at offset 0x10000[0m
[0;32mI (211) boot: Disabling RNG early entropy source...[0m
[0;32mI (222) cpu_start: Multicore app[0m
[0;32mI (222) cpu_start: Pro cpu up.[0m
[0;32mI (223) cpu_start: Starting app cpu, entry point is 0x400812a4[0m
[0;32mI (211) cpu_start: App cpu up.[0m
[0;32mI (240) cpu_start: Pro cpu start user code[0m
[0;32mI (241) cpu_start: cpu freq: 160000000 Hz[0m
[0;32mI (241) cpu_start: Application information:[0m
[0;32mI (245) cpu_start: Project name:     lora[0m
[0;32mI (250) cpu_start: App version:      33b263b-dirty[0m
[0;32mI (255) cpu_start: Compile time:     Dec  5 2023 19:17:55[0m
[0;32mI (262) cpu_start: ELF file SHA256:  3ed3c023a411dcaa...[0m
[0;32mI (268) cpu_start: ESP-IDF:          v5.2-dev-544-g54576b7528-dirty[0m
[0;32mI (274) cpu_start: Min chip rev:     v0.0[0m
[0;32mI (279) cpu_start: Max chip rev:     v3.99 [0m
[0;32mI (284) cpu_start: Chip rev:         v1.0[0m
[0;32mI (289) heap_init: Initializing. RAM available for dynamic allocation:[0m
[0;32mI (296) heap_init: At 3FFAE6E0 len 00001920 (6 KiB): DRAM[0m
[0;32mI (302) heap_init: At 3FFB2BC0 len 0002D440 (181 KiB): DRAM[0m
[0;32mI (308) heap_init: At 3FFE0440 len 00003AE0 (14 KiB): D/IRAM[0m
[0;32mI (315) heap_init: At 3FFE4350 len 0001BCB0 (111 KiB): D/IRAM[0m
[0;32mI (321) heap_init: At 4008EA04 len 000115FC (69 KiB): IRAM[0m
[0;32mI (329) spi_flash: detected chip: generic[0m
[0;32mI (332) spi_flash: flash io: dio[0m
[0;33mW (336) spi_flash: Detected size(4096k) larger than the size in the binary image header(2048k). Using the size in the binary image header.[0m
[0;32mI (350) app_start: Starting scheduler on CPU0[0m
[0;32mI (354) app_start: Starting scheduler on CPU1[0m
[0;32mI (354) main_task: Started on CPU0[0m
[0;32mI (364) main_task: Calling app_main()[0m
[0;32mI (364) gpio: GPIO[16]| InputEn: 0| OutputEn: 0| OpenDrain: 0| Pullup: 1| Pulldown: 0| Intr:0 [0m
[0;32mI (374) gpio: GPIO[15]| InputEn: 0| OutputEn: 0| OpenDrain: 0| Pullup: 1| Pulldown: 0| Intr:0 [0m

assert failed: xQueueSemaphoreTake queue.c:1657 (pxQueue->uxItemSize == 0)


Backtrace: 0x400818ca:0x3ffb5980 0x400874c5:0x3ffb59a0 0x4008d409:0x3ffb59c0 0x40087dc6:0x3ffb5ae0 0x40087ee4:0x3ffb5b20 0x40082889:0x3ffb5b40 0x40082991:0x3ffb5b70 0x400d558f:0x3ffb5b90 0x400d44c3:0x3ffb5bb0 0x400d408a:0x3ffb5bd0 0x4000bd83:0x3ffb5bf0 0x4000117d:0x3ffb5c10 0x400592fe:0x3ffb5c30 0x4005937a:0x3ffb5c50 0x400de263:0x3ffb5c70 0x400e964b:0x3ffb5ca0 0x400e5246:0x3ffb5cc0 0x400de411:0x3ffb5fe0 0x400d56f9:0x3ffb6030 0x40089b71:0x3ffb60c0




ELF file SHA256: 3ed3c023a411dcaa711b00a907e4270780546cf3dad4ddfa4fd35af42d3ef47b

Rebooting...
ets Jun  8 2016 00:22:57

rst:0xc (SW_CPU_RESET),boot:0x13 (SPI_FAST_FLASH_BOOT)
configsip: 0, SPIWP:0xee
clk_drv:0x00,q_drv:0x00,d_drv:0x00,cs0_drv:0x00,hd_drv:0x00,wp_drv:0x00
mode:DIO, clock div:2
load:0x3fff0030,len:7104
load:0x40078000,len:15660
load:0x40080400,len:4
load:0x40080404,len:3872
entry 0x40080648
[0;32mI (29) boot: ESP-IDF v5.2-dev-544-g54576b7528-dirty 2nd stage bootloader[0m
[0;32mI (29) boot: compile time Dec  5 2023 19:17:58[0m
[0;32mI (31) boot: Multicore bootloader[0m
[0;32mI (35) boot: chip revision: v1.0[0m
[0;32mI (39) boot.esp32: SPI Speed      : 40MHz[0m
[0;32mI (44) boot.esp32: SPI Mode       : DIO[0m
[0;32mI (48) boot.esp32: SPI Flash Size : 2MB[0m
[0;32mI (53) boot: Enabling RNG early entropy source...[0m
[0;32mI (58) boot: Partition Table:[0m
[0;32mI (62) boot: ## Label            Usage          Type ST Offset   Length[0m
[0;32mI (69) boot:  0 nvs              WiFi data        01 02 00009000 00006000[0m
[0;32mI (77) boot:  1 phy_init         RF data          01 01 0000f000 00001000[0m
[0;32mI (84) boot:  2 factory          factory app      00 00 00010000 00100000[0m
[0;32mI (92) boot: End of partition table[0m
[0;32mI (96) esp_image: segment 0: paddr=00010020 vaddr=3f400020 size=0c9e8h ( 51688) map[0m
[0;32mI (123) esp_image: segment 1: paddr=0001ca10 vaddr=3ffb0000 size=02298h (  8856) load[0m
[0;32mI (127) esp_image: segment 2: paddr=0001ecb0 vaddr=40080000 size=01368h (  4968) load[0m
[0;32mI (131) esp_image: segment 3: paddr=00020020 vaddr=400d0020 size=1cf5ch (118620) map[0m
[0;32mI (180) esp_image: segment 4: paddr=0003cf84 vaddr=40081368 size=0d69ch ( 54940) load[0m
[0;32mI (211) boot: Loaded app from partition at offset 0x10000[0m
[0;32mI (211) boot: Disabling RNG early entropy source...[0m
[0;32mI (222) cpu_start: Multicore app[0m
[0;32mI (222) cpu_start: Pro cpu up.[0m
[0;32mI (223) cpu_start: Starting app cpu, entry point is 0x400812a4[0m
[0;32mI (211) cpu_start: App cpu up.[0m
[0;32mI (240) cpu_start: Pro cpu start user code[0m
[0;32mI (241) cpu_start: cpu freq: 160000000 Hz[0m
[0;32mI (241) cpu_start: Application information:[0m
[0;32mI (245) cpu_start: Project name:     lora[0m
[0;32mI (250) cpu_start: App version:      33b263b-dirty[0m
[0;32mI (255) cpu_start: Compile time:     Dec  5 2023 19:17:55[0m
[0;32mI (262) cpu_start: ELF file SHA256:  3ed3c023a411dcaa...[0m
[0;32mI (268) cpu_start: ESP-IDF:          v5.2-dev-544-g54576b7528-dirty[0m
[0;32mI (274) cpu_start: Min chip rev:     v0.0[0m
[0;32mI (279) cpu_start: Max chip rev:     v3.99 [0m
[0;32mI (284) cpu_start: Chip rev:         v1.0[0m
[0;32mI (289) heap_init: Initializing. RAM available for dynamic allocation:[0m
[0;32mI (296) heap_init: At 3FFAE6E0 len 00001920 (6 KiB): DRAM[0m
[0;32mI (302) heap_init: At 3FFB2BC0 len 0002D440 (181 KiB): DRAM[0m
[0;32mI (308) heap_init: At 3FFE0440 len 00003AE0 (14 KiB): D/IRAM[0m
[0;32mI (315) heap_init: At 3FFE4350 len 0001BCB0 (111 KiB): D/IRAM[0m
[0;32mI (321) heap_init: At 4008EA04 len 000115FC (69 KiB): IRAM[0m
[0;32mI (329) spi_flash: detected chip: generic[0m
[0;32mI (332) spi_flash: flash io: dio[0m
[0;33mW (336) spi_flash: Detected size(4096k) larger than the size in the binary image header(2048k). Using the size in the binary image header.[0m
[0;32mI (350) app_start: Starting scheduler on CPU0[0m
[0;32mI (354) app_start: Starting scheduler on CPU1[0m
[0;32mI (354) main_task: Started on CPU0[0m
[0;32mI (364) main_task: Calling app_main()[0m
[0;32mI (364) gpio: GPIO[16]| InputEn: 0| OutputEn: 0| OpenDrain: 0| Pullup: 1| Pulldown: 0| Intr:0 [0m
[0;32mI (374) gpio: GPIO[15]| InputEn: 0| OutputEn: 0| OpenDrain: 0| Pullup: 1| Pulldown: 0| Intr:0 [0m

assert failed: xQueueSemaphoreTake queue.c:1657 (pxQueue->uxItemSize == 0)


Backtrace: 0x400818ca:0x3ffb5980 0x400874c5:0x3ffb59a0 0x4008d409:0x3ffb59c0 0x40087dc6:0x3ffb5ae0 0x40087ee4:0x3ffb5b20 0x40082889:0x3ffb5b40 0x40082991:0x3ffb5b70 0x400d558f:0x3ffb5b90 0x400d44c3:0x3ffb5bb0 0x400d408a:0x3ffb5bd0 0x4000bd83:0x3ffb5bf0 0x4000117d:0x3ffb5c10 0x400592fe:0x3ffb5c30 0x4005937a:0x3ffb5c50 0x400de263:0x3ffb5c70 0x400e964b:0x3ffb5ca0 0x400e5246:0x3ffb5cc0 0x400de411:0x3ffb5fe0 0x400d56f9:0x3ffb6030 0x40089b71:0x3ffb60c0




ELF file SHA256: 3ed3c023a411dcaa711b00a907e4270780546cf3dad4ddfa4fd35af42d3ef47b

Rebooting...
ets Jun  8 2016 00:22:57

rst:0xc (SW_CPU_RESET),boot:0x13 (SPI_FAST_FLASH_BOOT)
configsip: 0, SPIWP:0xee
clk_drv:0x00,q_drv:0x00,d_drv:0x00,cs0_drv:0x00,hd_drv:0x00,wp_drv:0x00
mode:DIO, clock div:2
load:0x3fff0030,len:7104
load:0x40078000,len:15660
load:0x40080400,len:4
load:0x40080404,len:3872
entry 0x40080648
[0;32mI (29) boot: ESP-IDF v5.2-dev-544-g54576b7528-dirty 2nd stage bootloader[0m
[0;32mI (29) boot: compile time Dec  5 2023 19:17:58[0m
[0;32mI (31) boot: Multicore bootloader[0m
[0;32mI (35) boot: chip revision: v1.0[0m
[0;32mI (39) boot.esp32: SPI Speed      : 40MHz[0m
[0;32mI (44) boot.esp32: SPI Mode       : DIO[0m
[0;32mI (48) boot.esp32: SPI Flash Size : 2MB[0m
[0;32mI (53) boot: Enabling RNG early entropy source...[0m
[0;32mI (58) boot: Partition Table:[0m
[0;32mI (62) boot: ## Label            Usage          Type ST Offset   Length[0m
[0;32mI (69) boot:  0 nvs              WiFi data        01 02 00009000 00006000[0m
[0;32mI (77) boot:  1 phy_init         RF data          01 01 0000f000 00001000[0m
[0;32mI (84) boot:  2 factory          factory app      00 00 00010000 00100000[0m
[0;32mI (92) boot: End of partition table[0m
[0;32mI (96) esp_image: segment 0: paddr=00010020 vaddr=3f400020 size=0c9e8h ( 51688) map[0m
[0;32mI (123) esp_image: segment 1: paddr=0001ca10 vaddr=3ffb0000 size=02298h (  8856) load[0m
[0;32mI (127) esp_image: segment 2: paddr=0001ecb0 vaddr=40080000 size=01368h (  4968) load[0m
[0;32mI (131) esp_image: segment 3: paddr=00020020 vaddr=400d0020 size=1cf5ch (118620) map[0m
[0;32mI (180) esp_image: segment 4: paddr=0003cf84 vaddr=40081368 size=0d69ch ( 54940) load[0m
[0;32mI (211) boot: Loaded app from partition at offset 0x10000[0m
[0;32mI (211) boot: Disabling RNG early entropy source...[0m
[0;32mI (222) cpu_start: Multicore app[0m
[0;32mI (222) cpu_start: Pro cpu up.[0m
[0;32mI (223) cpu_start: Starting app cpu, entry point is 0x400812a4[0m
[0;32mI (211) cpu_start: App cpu up.[0m
[0;32mI (240) cpu_start: Pro cpu start user code[0m
[0;32mI (241) cpu_start: cpu freq: 160000000 Hz[0m
[0;32mI (241) cpu_start: Application information:[0m
[0;32mI (245) cpu_start: Project name:     lora[0m
[0;32mI (250) cpu_start: App version:      33b263b-dirty[0m
[0;32mI (255) cpu_start: Compile time:     Dec  5 2023 19:17:55[0m
[0;32mI (262) cpu_start: ELF file SHA256:  3ed3c023a411dcaa...[0m
[0;32mI (268) cpu_start: ESP-IDF:          v5.2-dev-544-g54576b7528-dirty[0m
[0;32mI (274) cpu_start: Min chip rev:     v0.0[0m
[0;32mI (279) cpu_start: Max chip rev:     v3.99 [0m
[0;32mI (284) cpu_start: Chip rev:         v1.0[0m
[0;32mI (289) heap_init: Initializing. RAM available for dynamic allocation:[0m
[0;32mI (296) heap_init: At 3FFAE6E0 len 00001920 (6 KiB): DRAM[0m
[0;32mI (302) heap_init: At 3FFB2BC0 len 0002D440 (181 KiB): DRAM[0m
[0;32mI (308) heap_init: At 3FFE0440 len 00003AE0 (14 KiB): D/IRAM[0m
[0;32mI (315) heap_init: At 3FFE4350 len 0001BCB0 (111 KiB): D/IRAM[0m
[0;32mI (321) heap_init: At 4008EA04 len 000115FC (69 KiB): IRAM[0m
[0;32mI (329) spi_flash: detected chip: generic[0m
[0;32mI (332) spi_flash: flash io: dio[0m
[0;33mW (336) spi_flash: Detected size(4096k) larger than the size in the binary image header(2048k). Using the size in the binary image header.[0m
[0;32mI (350) app_start: Starting scheduler on CPU0[0m
[0;32mI (354) app_start: Starting scheduler on CPU1[0m
[0;32mI (354) main_task: Started on CPU0[0m
[0;32mI (364) main_task: Calling app_main()[0m
[0;32mI (364) gpio: GPIO[16]| InputEn: 0| OutputEn: 0| OpenDrain: 0| Pullup: 1| Pulldown: 0| Intr:0 [0m
[0;32mI (374) gpio: GPIO[15]| InputEn: 0| OutputEn: 0| OpenDrain: 0| Pullup: 1| Pulldown: 0| Intr:0 [0m

assert failed: xQueueSemaphoreTake queue.c:1657 (pxQueue->uxItemSize == 0)


Backtrace: 0x400818ca:0x3ffb5980 0x400874c5:0x3ffb59a0 0x4008d409:0x3ffb59c0 0x40087dc6:0x3ffb5ae0 0x40087ee4:0x3ffb5b20 0x40082889:0x3ffb5b40 0x40082991:0x3ffb5b70 0x400d558f:0x3ffb5b90 0x400d44c3:0x3ffb5bb0 0x400d408a:0x3ffb5bd0 0x4000bd83:0x3ffb5bf0 0x4000117d:0x3ffb5c10 0x400592fe:0x3ffb5c30 0x4005937a:0x3ffb5c50 0x400de263:0x3ffb5c70 0x400e964b:0x3ffb5ca0 0x400e5246:0x3ffb5cc0 0x400de411:0x3ffb5fe0 0x400d56f9:0x3ffb6030 0x40089b71:0x3ffb60c0




ELF file SHA256: 3ed3c023a411dcaa711b00a907e4270780546cf3dad4ddfa4fd35af42d3ef47b

Rebooting...
ets Jun  8 2016 00:22:57

rst:0xc (SW_CPU_RESET),boot:0x13 (SPI_FAST_FLASH_BOOT)
configsip: 0, SPIWP:0xee
clk_drv:0x00,q_drv:0x00,d_drv:0x00,cs0_drv:0x00,hd_drv:0x00,wp_drv:0x00
mode:DIO, clock div:2
load:0x3fff0030,len:7104
load:0x40078000,len:15660
load:0x40080400,len:4
load:0x40080404,len:3872
entry 0x40080648
[0;32mI (29) boot: ESP-IDF v5.2-dev-544-g54576b7528-dirty 2nd stage bootloader[0m
[0;32mI (29) boot: compile time Dec  5 2023 19:17:58[0m
[0;32mI (31) boot: Multicore bootloader[0m
[0;32mI (35) boot: chip revision: v1.0[0m
[0;32mI (39) boot.esp32: SPI Speed      : 40MHz[0m
[0;32mI (44) boot.esp32: SPI Mode       : DIO[0m
[0;32mI (48) boot.esp32: SPI Flash Size : 2MB[0m
[0;32mI (53) boot: Enabling RNG early entropy source...[0m
[0;32mI (58) boot: Partition Table:[0m
[0;32mI (62) boot: ## Label            Usage          Type ST Offset   Length[0m
[0;32mI (69) boot:  0 nvs              WiFi data        01 02 00009000 00006000[0m
[0;32mI (77) boot:  1 phy_init         RF data          01 01 0000f000 00001000[0m
[0;32mI (84) boot:  2 factory          factory app      00 00 00010000 00100000[0m
[0;32mI (92) boot: End of partition table[0m
[0;32mI (96) esp_image: segment 0: paddr=00010020 vaddr=3f400020 size=0c9e8h ( 51688) map[0m
[0;32mI (123) esp_image: segment 1: paddr=0001ca10 vaddr=3ffb0000 size=02298h (  8856) load[0m
[0;32mI (127) esp_image: segment 2: paddr=0001ecb0 vaddr=40080000 size=01368h (  4968) load[0m
[0;32mI (131) esp_image: segment 3: paddr=00020020 vaddr=400d0020 size=1cf5ch (118620) map[0m
[0;32mI (180) esp_image: segment 4: paddr=0003cf84 vaddr=40081368 size=0d69ch ( 54940) load[0m
[0;32mI (210) boot: Loaded app from partition at offset 0x10000[0m
[0;32mI (211) boot: Disabling RNG early entropy source...[0m
[0;32mI (222) cpu_start: Multicore app[0m
[0;32mI (222) cpu_start: Pro cpu up.[0m
[0;32mI (223) cpu_start: Starting app cpu, entry point is 0x400812a4[0m
[0;32mI (211) cpu_start: App cpu up.[0m
[0;32mI (240) cpu_start: Pro cpu start user code[0m
[0;32mI (241) cpu_start: cpu freq: 160000000 Hz[0m
[0;32mI (241) cpu_start: Application information:[0m
[0;32mI (245) cpu_start: Project name:     lora[0m
[0;32mI (250) cpu_start: App version:      33b263b-dirty[0m
[0;32mI (255) cpu_start: Compile time:     Dec  5 2023 19:17:55[0m
[0;32mI (262) cpu_start: ELF file SHA256:  3ed3c023a411dcaa...[0m
[0;32mI (268) cpu_start: ESP-IDF:          v5.2-dev-544-g54576b7528-dirty[0m
[0;32mI (274) cpu_start: Min chip rev:     v0.0[0m
[0;32mI (279) cpu_start: Max chip rev:     v3.99 [0m
[0;32mI (284) cpu_start: Chip rev:         v1.0[0m
[0;32mI (289) heap_init: Initializing. RAM available for dynamic allocation:[0m
[0;32mI (296) heap_init: At 3FFAE6E0 len 00001920 (6 KiB): DRAM[0m
[0;32mI (302) heap_init: At 3FFB2BC0 len 0002D440 (181 KiB): DRAM[0m
[0;32mI (308) heap_init: At 3FFE0440 len 00003AE0 (14 KiB): D/IRAM[0m
[0;32mI (315) heap_init: At 3FFE4350 len 0001BCB0 (111 KiB): D/IRAM[0m
[0;32mI (321) heap_init: At 4008EA04 len 000115FC (69 KiB): IRAM[0m
[0;32mI (329) spi_flash: detected chip: generic[0m
[0;32mI (332) spi_flash: flash io: dio[0m
[0;33mW (336) spi_flash: Detected size(4096k) larger than the size in the binary image header(2048k). Using the size in the binary image header.[0m
[0;32mI (350) app_start: Starting scheduler on CPU0[0m
[0;32mI (354) app_start: Starting scheduler on CPU1[0m
[0;32mI (354) main_task: Started on CPU0[0m
[0;32mI (364) main_task: Calling app_main()[0m
[0;32mI (364) gpio: GPIO[16]| InputEn: 0| OutputEn: 0| OpenDrain: 0| Pullup: 1| Pulldown: 0| Intr:0 [0m
[0;32mI (374) gpio: GPIO[15]| InputEn: 0| OutputEn: 0| OpenDrain: 0| Pullup: 1| Pulldown: 0| Intr:0 [0m

assert failed: xQueueSemaphoreTake queue.c:1657 (pxQueue->uxItemSize == 0)


Backtrace: 0x400818ca:0x3ffb5980 0x400874c5:0x3ffb59a0 0x4008d409:0x3ffb59c0 0x40087dc6:0x3ffb5ae0 0x40087ee4:0x3ffb5b20 0x40082889:0x3ffb5b40 0x40082991:0x3ffb5b70 0x400d558f:0x3ffb5b90 0x400d44c3:0x3ffb5bb0 0x400d408a:0x3ffb5bd0 0x4000bd83:0x3ffb5bf0 0x4000117d:0x3ffb5c10 0x400592fe:0x3ffb5c30 0x4005937a:0x3ffb5c50 0x400de263:0x3ffb5c70 0x400e964b:0x3ffb5ca0 0x400e5246:0x3ffb5cc0 0x400de411:0x3ffb5fe0 0x400d56f9:0x3ffb6030 0x40089b71:0x3ffb60c0




ELF file SHA256: 3ed3c023a411dcaa711b00a907e4270780546cf3dad4ddfa4fd35af42d3ef47b

Rebooting...
ets Jun  8 2016 00:22:57

rst:0xc (SW_CPU_RESET),boot:0x13 (SPI_FAST_FLASH_BOOT)
configsip: 0, SPIWP:0xee
clk_drv:0x00,q_drv:0x00,d_drv:0x00,cs0_drv:0x00,hd_drv:0x00,wp_drv:0x00
mode:DIO, clock div:2
load:0x3fff0030,len:7104
load:0x40078000,len:15660
load:0x40080400,len:4
load:0x40080404,len:3872
entry 0x40080648
[0;32mI (29) boot: ESP-IDF v5.2-dev-544-g54576b7528-dirty 2nd stage bootloader[0m
[0;32mI (29) boot: compile time Dec  5 2023 19:17:58[0m
[0;32mI (31) boot: Multicore bootloader[0m
[0;32mI (35) boot: chip revision: v1.0[0m
[0;32mI (39) boot.esp32: SPI Speed      : 40MHz[0m
[0;32mI (44) boot.esp32: SPI Mode       : DIO[0m
[0;32mI (48) boot.esp32: SPI Flash Size : 2MB[0m
[0;32mI (53) boot: Enabling RNG early entropy source...[0m
[0;32mI (58) boot: Partition Table:[0m
[0;32mI (62) boot: ## Label            Usage          Type ST Offset   Length[0m
[0;32mI (69) boot:  0 nvs              WiFi data        01 02 00009000 00006000[0m
[0;32mI (77) boot:  1 phy_init         RF data          01 01 0000f000 00001000[0m
[0;32mI (84) boot:  2 factory          factory app      00 00 00010000 00100000[0m
[0;32mI (92) boot: End of partition table[0m
[0;32mI (96) esp_image: segment 0: paddr=00010020 vaddr=3f400020 size=0c9e8h ( 51688) map[0m
[0;32mI (123) esp_image: segment 1: paddr=0001ca10 vaddr=3ffb0000 size=02298h (  8856) load[0m
[0;32mI (127) esp_image: segment 2: paddr=0001ecb0 vaddr=40080000 size=01368h (  4968) load[0m
[0;32mI (131) esp_image: segment 3: paddr=00020020 vaddr=400d0020 size=1cf5ch (118620) map[0m
[0;32mI (180) esp_image: segment 4: paddr=0003cf84 vaddr=40081368 size=0d69ch ( 54940) load[0m
[0;32mI (211) boot: Loaded app from partition at offset 0x10000[0m
[0;32mI (211) boot: Disabling RNG early entropy source...[0m
[0;32mI (222) cpu_start: Multicore app[0m
[0;32mI (222) cpu_start: Pro cpu up.[0m
[0;32mI (223) cpu_start: Starting app cpu, entry point is 0x400812a4[0m
[0;32mI (211) cpu_start: App cpu up.[0m
[0;32mI (240) cpu_start: Pro cpu start user code[0m
[0;32mI (241) cpu_start: cpu freq: 160000000 Hz[0m
[0;32mI (241) cpu_start: Application information:[0m
[0;32mI (245) cpu_start: Project name:     lora[0m
[0;32mI (250) cpu_start: App version:      33b263b-dirty[0m
[0;32mI (255) cpu_start: Compile time:     Dec  5 2023 19:17:55[0m
[0;32mI (262) cpu_start: ELF file SHA256:  3ed3c023a411dcaa...[0m
[0;32mI (268) cpu_start: ESP-IDF:          v5.2-dev-544-g54576b7528-dirty[0m
[0;32mI (274) cpu_start: Min chip rev:     v0.0[0m
[0;32mI (279) cpu_start: Max chip rev:     v3.99 [0m
[0;32mI (284) cpu_start: Chip rev:         v1.0[0m
[0;32mI (289) heap_init: Initializing. RAM available for dynamic allocation:[0m
[0;32mI (296) heap_init: At 3FFAE6E0 len 00001920 (6 KiB): DRAM[0m
[0;32mI (302) heap_init: At 3FFB2BC0 len 0002D440 (181 KiB): DRAM[0m
[0;32mI (308) heap_init: At 3FFE0440 len 00003AE0 (14 KiB): D/IRAM[0m
[0;32mI (315) heap_init: At 3FFE4350 len 0001BCB0 (111 KiB): D/IRAM[0m
[0;32mI (321) heap_init: At 4008EA04 len 000115FC (69 KiB): IRAM[0m
[0;32mI (329) spi_flash: detected chip: generic[0m
[0;32mI (332) spi_flash: flash io: dio[0m
[0;33mW (336) spi_flash: Detected size(4096k) larger than the size in the binary image header(2048k). Using the size in the binary image header.[0m
[0;32mI (350) app_start: Starting scheduler on CPU0[0m
[0;32mI (354) app_start: Starting scheduler on CPU1[0m
[0;32mI (354) main_task: Started on CPU0[0m
[0;32mI (364) main_task: Calling app_main()[0m
[0;32mI (364) gpio: GPIO[16]| InputEn: 0| OutputEn: 0| OpenDrain: 0| Pullup: 1| Pulldown: 0| Intr:0 [0m
[0;32mI (374) gpio: GPIO[15]| InputEn: 0| OutputEn: 0| OpenDrain: 0| Pullup: 1| Pulldown: 0| Intr:0 [0m

assert failed: xQueueSemaphoreTake queue.c:1657 (pxQueue->uxItemSize == 0)


Backtrace: 0x400818ca:0x3ffb5980 0x400874c5:0x3ffb59a0 0x4008d409:0x3ffb59c0 0x40087dc6:0x3ffb5ae0 0x40087ee4:0x3ffb5b20 0x40082889:0x3ffb5b40 0x40082991:0x3ffb5b70 0x400d558f:0x3ffb5b90 0x400d44c3:0x3ffb5bb0 0x400d408a:0x3ffb5bd0 0x4000bd83:0x3ffb5bf0 0x4000117d:0x3ffb5c10 0x400592fe:0x3ffb5c30 0x4005937a:0x3ffb5c50 0x400de263:0x3ffb5c70 0x400e964b:0x3ffb5ca0 0x400e5246:0x3ffb5cc0 0x400de411:0x3ffb5fe0 0x400d56f9:0x3ffb6030 0x40089b71:0x3ffb60c0




ELF file SHA256: 3ed3c023a411dcaa711b00a907e4270780546cf3dad4ddfa4fd35af42d3ef47b

Rebooting...
ets Jun  8 2016 00:22:57

rst:0xc (SW_CPU_RESET),boot:0x13 (SPI_FAST_FLASH_BOOT)
configsip: 0, SPIWP:0xee
clk_drv:0x00,q_drv:0x00,d_drv:0x00,cs0_drv:0x00,hd_drv:0x00,wp_drv:0x00
mode:DIO, clock div:2
load:0x3fff0030,len:7104
load:0x40078000,len:15660
load:0x40080400,len:4
load:0x40080404,len:3872
entry 0x40080648
[0;32mI (29) boot: ESP-IDF v5.2-dev-544-g54576b7528-dirty 2nd stage bootloader[0m
[0;32mI (29) boot: compile time Dec  5 2023 19:17:58[0m
[0;32mI (31) boot: Multicore bootloader[0m
[0;32mI (35) boot: chip revision: v1.0[0m
[0;32mI (39) boot.esp32: SPI Speed      : 40MHz[0m
[0;32mI (44) boot.esp32: SPI Mode       : DIO[0m
[0;32mI (48) boot.esp32: SPI Flash Size : 2MB[0m
[0;32mI (53) boot: Enabling RNG early entropy source...[0m
[0;32mI (58) boot: Partition Table:[0m
[0;32mI (62) boot: ## Label            Usage          Type ST Offset   Length[0m
[0;32mI (69) boot:  0 nvs              WiFi data        01 02 00009000 00006000[0m
[0;32mI (77) boot:  1 phy_init         RF data          01 01 0000f000 00001000[0m
[0;32mI (84) boot:  2 factory          factory app      00 00 00010000 00100000[0m
[0;32mI (92) boot: End of partition table[0m
[0;32mI (96) esp_image: segment 0: paddr=00010020 vaddr=3f400020 size=0c9e8h ( 51688) map[0m
[0;32mI (123) esp_image: segment 1: paddr=0001ca10 vaddr=3ffb0000 size=02298h (  8856) load[0m
[0;32mI (127) esp_image: segment 2: paddr=0001ecb0 vaddr=40080000 size=01368h (  4968) load[0m
[0;32mI (131) esp_image: segment 3: paddr=00020020 vaddr=400d0020 size=1cf5ch (118620) map[0m
[0;32mI (180) esp_image: segment 4: paddr=0003cf84 vaddr=40081368 size=0d69ch ( 54940) load[0m
[0;32mI (211) boot: Loaded app from partition at offset 0x10000[0m
[0;32mI (211) boot: Disabling RNG early entropy source...[0m
[0;32mI (222) cpu_start: Multicore app[0m
[0;32mI (222) cpu_start: Pro cpu up.[0m
[0;32mI (223) cpu_start: Starting app cpu, entry point is 0x400812a4[0m
[0;32mI (211) cpu_start: App cpu up.[0m
[0;32mI (241) cpu_start: Pro cpu start user code[0m
[0;32mI (241) cpu_start: cpu freq: 160000000 Hz[0m
[0;32mI (241) cpu_start: Application information:[0m
[0;32mI (245) cpu_start: Project name:     lora[0m
[0;32mI (250) cpu_start: App version:      33b263b-dirty[0m
[0;32mI (255) cpu_start: Compile time:     Dec  5 2023 19:17:55[0m
[0;32mI (262) cpu_start: ELF file SHA256:  3ed3c023a411dcaa...[0m
[0;32mI (268) cpu_start: ESP-IDF:          v5.2-dev-544-g54576b7528-dirty[0m
[0;32mI (274) cpu_start: Min chip rev:     v0.0[0m
[0;32mI (279) cpu_start: Max chip rev:     v3.99 [0m
[0;32mI (284) cpu_start: Chip rev:         v1.0[0m
[0;32mI (289) heap_init: Initializing. RAM available for dynamic allocation:[0m
[0;32mI (296) heap_init: At 3FFAE6E0 len 00001920 (6 KiB): DRAM[0m
[0;32mI (302) heap_init: At 3FFB2BC0 len 0002D440 (181 KiB): DRAM[0m
[0;32mI (308) heap_init: At 3FFE0440 len 00003AE0 (14 KiB): D/IRAM[0m
[0;32mI (315) heap_init: At 3FFE4350 len 0001BCB0 (111 KiB): D/IRAM[0m
[0;32mI (321) heap_init: At 4008EA04 len 000115FC (69 KiB): IRAM[0m
[0;32mI (329) spi_flash: detected chip: generic[0m
[0;32mI (332) spi_flash: flash io: dio[0m
[0;33mW (336) spi_flash: Detected size(4096k) larger than the size in the binary image header(2048k). Using the size in the binary image header.[0m
[0;32mI (350) app_start: Starting scheduler on CPU0[0m
[0;32mI (354) app_start: Starting scheduler on CPU1[0m
[0;32mI (354) main_task: Started on CPU0[0m
[0;32mI (364) main_task: Calling app_main()[0m
[0;32mI (364) gpio: GPIO[16]| InputEn: 0| OutputEn: 0| OpenDrain: 0| Pullup: 1| Pulldown: 0| Intr:0 [0m
[0;32mI (374) gpio: GPIO[15]| InputEn: 0| OutputEn: 0| OpenDrain: 0| Pullup: 1| Pulldown: 0| Intr:0 [0m

assert failed: xQueueSemaphoreTake queue.c:1657 (pxQueue->uxItemSize == 0)


Backtrace: 0x400818ca:0x3ffb5980 0x400874c5:0x3ffb59a0 0x4008d409:0x3ffb59c0 0x40087dc6:0x3ffb5ae0 0x40087ee4:0x3ffb5b20 0x40082889:0x3ffb5b40 0x40082991:0x3ffb5b70 0x400d558f:0x3ffb5b90 0x400d44c3:0x3ffb5bb0 0x400d408a:0x3ffb5bd0 0x4000bd83:0x3ffb5bf0 0x4000117d:0x3ffb5c10 0x400592fe:0x3ffb5c30 0x4005937a:0x3ffb5c50 0x400de263:0x3ffb5c70 0x400e964b:0x3ffb5ca0 0x400e5246:0x3ffb5cc0 0x400de411:0x3ffb5fe0 0x400d56f9:0x3ffb6030 0x40089b71:0x3ffb60c0




ELF file SHA256: 3ed3c023a411dcaa711b00a907e4270780546cf3dad4ddfa4fd35af42d3ef47b

Rebooting...
ets Jun  8 2016 00:22:57

rst:0xc (SW_CPU_RESET),boot:0x13 (SPI_FAST_FLASH_BOOT)
configsip: 0, SPIWP:0xee
clk_drv:0x00,q_drv:0x00,d_drv:0x00,cs0_drv:0x00,hd_drv:0x00,wp_drv:0x00
mode:DIO, clock div:2
load:0x3fff0030,len:7104
load:0x40078000,len:15660
load:0x40080400,len:4
load:0x40080404,len:3872
entry 0x40080648
[0;32mI (29) boot: ESP-IDF v5.2-dev-544-g54576b7528-dirty 2nd stage bootloader[0m
[0;32mI (29) boot: compile time Dec  5 2023 19:17:58[0m
[0;32mI (31) boot: Multicore bootloader[0m
[0;32mI (35) boot: chip revision: v1.0[0m
[0;32mI (39) boot.esp32: SPI Speed      : 40MHz[0m
[0;32mI (44) boot.esp32: SPI Mode       : DIO[0m
[0;32mI (48) boot.esp32: SPI Flash Size : 2MB[0m
[0;32mI (53) boot: Enabling RNG early entropy source...[0m
[0;32mI (58) boot: Partition Table:[0m
[0;32mI (62) boot: ## Label            Usage          Type ST Offset   Length[0m
[0;32mI (69) boot:  0 nvs              WiFi data        01 02 00009000 00006000[0m
[0;32mI (77) boot:  1 phy_init         RF data          01 01 0000f000 00001000[0m
[0;32mI (84) boot:  2 factory          factory app      00 00 00010000 00100000[0m
[0;32mI (92) boot: End of partition table[0m
[0;32mI (96) esp_image: segment 0: paddr=00010020 vaddr=3f400020 size=0c9e8h ( 51688) map[0m
[0;32mI (123) esp_image: segment 1: paddr=0001ca10 vaddr=3ffb0000 size=02298h (  8856) load[0m
[0;32mI (127) esp_image: segment 2: paddr=0001ecb0 vaddr=40080000 size=01368h (  4968) load[0m
[0;32mI (131) esp_image: segment 3: paddr=00020020 vaddr=400d0020 size=1cf5ch (118620) map[0m
[0;32mI (180) esp_image: segment 4: paddr=0003cf84 vaddr=40081368 size=0d69ch ( 54940) load[0m
[0;32mI (211) boot: Loaded app from partition at offset 0x10000[0m
[0;32mI (211) boot: Disabling RNG early entropy source...[0m
[0;32mI (222) cpu_start: Multicore app[0m
[0;32mI (222) cpu_start: Pro cpu up.[0m
[0;32mI (223) cpu_start: Starting app cpu, entry point is 0x400812a4[0m
[0;32mI (211) cpu_start: App cpu up.[0m
[0;32mI (240) cpu_start: Pro cpu start user code[0m
[0;32mI (241) cpu_start: cpu freq: 160000000 Hz[0m
[0;32mI (241) cpu_start: Application information:[0m
[0;32mI (245) cpu_start: Project name:     lora[0m
[0;32mI (250) cpu_start: App version:      33b263b-dirty[0m
[0;32mI (255) cpu_start: Compile time:     Dec  5 2023 19:17:55[0m
[0;32mI (262) cpu_start: ELF file SHA256:  3ed3c023a411dcaa...[0m
[0;32mI (268) cpu_start: ESP-IDF:          v5.2-dev-544-g54576b7528-dirty[0m
[0;32mI (274) cpu_start: Min chip rev:     v0.0[0m
[0;32mI (279) cpu_start: Max chip rev:     v3.99 [0m
[0;32mI (284) cpu_start: Chip rev:         v1.0[0m
[0;32mI (289) heap_init: Initializing. RAM available for dynamic allocation:[0m
[0;32mI (296) heap_init: At 3FFAE6E0 len 00001920 (6 KiB): DRAM[0m
[0;32mI (302) heap_init: At 3FFB2BC0 len 0002D440 (181 KiB): DRAM[0m
[0;32mI (308) heap_init: At 3FFE0440 len 00003AE0 (14 KiB): D/IRAM[0m
[0;32mI (315) heap_init: At 3FFE4350 len 0001BCB0 (111 KiB): D/IRAM[0m
[0;32mI (321) heap_init: At 4008EA04 len 000115FC (69 KiB): IRAM[0m
[0;32mI (329) spi_flash: detected chip: generic[0m
[0;32mI (332) spi_flash: flash io: dio[0m
[0;33mW (336) spi_flash: Detected size(4096k) larger than the size in the binary image header(2048k). Using the size in the binary image header.[0m
[0;32mI (350) app_start: Starting scheduler on CPU0[0m
[0;32mI (354) app_start: Starting scheduler on CPU1[0m
[0;32mI (354) main_task: Started on CPU0[0m
[0;32mI (364) main_task: Calling app_main()[0m
[0;32mI (364) gpio: GPIO[16]| InputEn: 0| OutputEn: 0| OpenDrain: 0| Pullup: 1| Pulldown: 0| Intr:0 [0m
[0;32mI (374) gpio: GPIO[15]| InputEn: 0| OutputEn: 0| OpenDrain: 0| Pullup: 1| Pulldown: 0| Intr:0 [0m

assert failed: xQueueSemaphoreTake queue.c:1657 (pxQueue->uxItemSize == 0)


Backtrace: 0x400818ca:0x3ffb5980 0x400874c5:0x3ffb59a0 0x4008d409:0x3ffb59c0 0x40087dc6:0x3ffb5ae0 0x40087ee4:0x3ffb5b20 0x40082889:0x3ffb5b40 0x40082991:0x3ffb5b70 0x400d558f:0x3ffb5b90 0x400d44c3:0x3ffb5bb0 0x400d408a:0x3ffb5bd0 0x4000bd83:0x3ffb5bf0 0x4000117d:0x3ffb5c10 0x400592fe:0x3ffb5c30 0x4005937a:0x3ffb5c50 0x400de263:0x3ffb5c70 0x400e964b:0x3ffb5ca0 0x400e5246:0x3ffb5cc0 0x400de411:0x3ffb5fe0 0x400d56f9:0x3ffb6030 0x40089b71:0x3ffb60c0




ELF file SHA256: 3ed3c023a411dcaa711b00a907e4270780546cf3dad4ddfa4fd35af42d3ef47b

Rebooting...
ets Jun  8 2016 00:22:57

rst:0xc (SW_CPU_RESET),boot:0x13 (SPI_FAST_FLASH_BOOT)
configsip: 0, SPIWP:0xee
clk_drv:0x00,q_drv:0x00,d_drv:0x00,cs0_drv:0x00,hd_drv:0x00,wp_drv:0x00
mode:DIO, clock div:2
load:0x3fff0030,len:7104
load:0x40078000,len:15660
load:0x40080400,len:4
load:0x40080404,len:3872
entry 0x40080648
[0;32mI (29) boot: ESP-IDF v5.2-dev-544-g54576b7528-dirty 2nd stage bootloader[0m
[0;32mI (29) boot: compile time Dec  5 2023 19:17:58[0m
[0;32mI (31) boot: Multicore bootloader[0m
[0;32mI (35) boot: chip revision: v1.0[0m
[0;32mI (39) boot.esp32: SPI Speed      : 40MHz[0m
[0;32mI (44) boot.esp32: SPI Mode       : DIO[0m
[0;32mI (48) boot.esp32: SPI Flash Size : 2MB[0m
[0;32mI (53) boot: Enabling RNG early entropy source...[0m
[0;32mI (58) boot: Partition Table:[0m
[0;32mI (62) boot: ## Label            Usage          Type ST Offset   Length[0m
[0;32mI (69) boot:  0 nvs              WiFi data        01 02 00009000 00006000[0m
[0;32mI (77) boot:  1 phy_init         RF data          01 01 0000f000 00001000[0m
[0;32mI (84) boot:  2 factory          factory app      00 00 00010000 00100000[0m
[0;32mI (92) boot: End of partition table[0m
[0;32mI (96) esp_image: segment 0: paddr=00010020 vaddr=3f400020 size=0c9e8h ( 51688) map[0m
[0;32mI (123) esp_image: segment 1: paddr=0001ca10 vaddr=3ffb0000 size=02298h (  8856) load[0m
[0;32mI (127) esp_image: segment 2: paddr=0001ecb0 vaddr=40080000 size=01368h (  4968) load[0m
[0;32mI (131) esp_image: segment 3: paddr=00020020 vaddr=400d0020 size=1cf5ch (118620) map[0m
[0;32mI (180) esp_image: segment 4: paddr=0003cf84 vaddr=40081368 size=0d69ch ( 54940) load[0m
[0;32mI (211) boot: Loaded app from partition at offset 0x10000[0m
[0;32mI (211) boot: Disabling RNG early entropy source...[0m
[0;32mI (222) cpu_start: Multicore app[0m
[0;32mI (222) cpu_start: Pro cpu up.[0m
[0;32mI (223) cpu_start: Starting app cpu, entry point is 0x400812a4[0m
[0;32mI (211) cpu_start: App cpu up.[0m
[0;32mI (240) cpu_start: Pro cpu start user code[0m
[0;32mI (241) cpu_start: cpu freq: 160000000 Hz[0m
[0;32mI (241) cpu_start: Application information:[0m
[0;32mI (245) cpu_start: Project name:     lora[0m
[0;32mI (250) cpu_start: App version:      33b263b-dirty[0m
[0;32mI (255) cpu_start: Compile time:     Dec  5 2023 19:17:55[0m
[0;32mI (262) cpu_start: ELF file SHA256:  3ed3c023a411dcaa...[0m
[0;32mI (268) cpu_start: ESP-IDF:          v5.2-dev-544-g54576b7528-dirty[0m
[0;32mI (274) cpu_start: Min chip rev:     v0.0[0m
[0;32mI (279) cpu_start: Max chip rev:     v3.99 [0m
[0;32mI (284) cpu_start: Chip rev:         v1.0[0m
[0;32mI (289) heap_init: Initializing. RAM available for dynamic allocation:[0m
[0;32mI (296) heap_init: At 3FFAE6E0 len 00001920 (6 KiB): DRAM[0m
[0;32mI (302) heap_init: At 3FFB2BC0 len 0002D440 (181 KiB): DRAM[0m
[0;32mI (308) heap_init: At 3FFE0440 len 00003AE0 (14 KiB): D/IRAM[0m
[0;32mI (315) heap_init: At 3FFE4350 len 0001BCB0 (111 KiB): D/IRAM[0m
[0;32mI (321) heap_init: At 4008EA04 len 000115FC (69 KiB): IRAM[0m
[0;32mI (329) spi_flash: detected chip: generic[0m
[0;32mI (332) spi_flash: flash io: dio[0m
[0;33mW (336) spi_flash: Detected size(4096k) larger than the size in the binary image header(2048k). Using the size in the binary image header.[0m
[0;32mI (350) app_start: Starting scheduler on CPU0[0m
[0;32mI (354) app_start: Starting scheduler on CPU1[0m
[0;32mI (354) main_task: Started on CPU0[0m
[0;32mI (364) main_task: Calling app_main()[0m
[0;32mI (364) gpio: GPIO[16]| InputEn: 0| OutputEn: 0| OpenDrain: 0| Pullup: 1| Pulldown: 0| Intr:0 [0m
[0;32mI (374) gpio: GPIO[15]| InputEn: 0| OutputEn: 0| OpenDrain: 0| Pullup: 1| Pulldown: 0| Intr:0 [0m

assert failed: xQueueSemaphoreTake queue.c:1657 (pxQueue->uxItemSize == 0)


Backtrace: 0x400818ca:0x3ffb5980 0x400874c5:0x3ffb59a0 0x4008d409:0x3ffb59c0 0x40087dc6:0x3ffb5ae0 0x40087ee4:0x3ffb5b20 0x40082889:0x3ffb5b40 0x40082991:0x3ffb5b70 0x400d558f:0x3ffb5b90 0x400d44c3:0x3ffb5bb0 0x400d408a:0x3ffb5bd0 0x4000bd83:0x3ffb5bf0 0x4000117d:0x3ffb5c10 0x400592fe:0x3ffb5c30 0x4005937a:0x3ffb5c50 0x400de263:0x3ffb5c70 0x400e964b:0x3ffb5ca0 0x400e5246:0x3ffb5cc0 0x400de411:0x3ffb5fe0 0x400d56f9:0x3ffb6030 0x40089b71:0x3ffb60c0




ELF file SHA256: 3ed3c023a411dcaa711b00a907e4270780546cf3dad4ddfa4fd35af42d3ef47b

Rebooting...
ets Jun  8 2016 00:22:57

rst:0xc (SW_CPU_RESET),boot:0x13 (SPI_FAST_FLASH_BOOT)
configsip: 0, SPIWP:0xee
clk_drv:0x00,q_drv:0x00,d_drv:0x00,cs0_drv:0x00,hd_drv:0x00,wp_drv:0x00
mode:DIO, clock div:2
load:0x3fff0030,len:7104
load:0x40078000,len:15660
load:0x40080400,len:4
load:0x40080404,len:3872
entry 0x40080648
[0;32mI (29) boot: ESP-IDF v5.2-dev-544-g54576b7528-dirty 2nd stage bootloader[0m
[0;32mI (29) boot: compile time Dec  5 2023 19:17:58[0m
[0;32mI (31) boot: Multicore bootloader[0m
[0;32mI (35) boot: chip revision: v1.0[0m
[0;32mI (39) boot.esp32: SPI Speed      : 40MHz[0m
[0;32mI (44) boot.esp32: SPI Mode       : DIO[0m
[0;32mI (48) boot.esp32: SPI Flash Size : 2MB[0m
[0;32mI (53) boot: Enabling RNG early entropy source...[0m
[0;32mI (58) boot: Partition Table:[0m
[0;32mI (62) boot: ## Label            Usage          Type ST Offset   Length[0m
[0;32mI (69) boot:  0 nvs              WiFi data        01 02 00009000 00006000[0m
[0;32mI (77) boot:  1 phy_init         RF data          01 01 0000f000 00001000[0m
[0;32mI (84) boot:  2 factory          factory app      00 00 00010000 00100000[0m
[0;32mI (92) boot: End of partition table[0m
[0;32mI (96) esp_image: segment 0: paddr=00010020 vaddr=3f400020 size=0c9e8h ( 51688) map[0m
[0;32mI (123) esp_image: segment 1: paddr=0001ca10 vaddr=3ffb0000 size=02298h (  8856) load[0m
[0;32mI (127) esp_image: segment 2: paddr=0001ecb0 vaddr=40080000 size=01368h (  4968) load[0m
[0;32mI (131) esp_image: segment 3: paddr=00020020 vaddr=400d0020 size=1cf5ch (118620) map[0m
[0;32mI (180) esp_image: segment 4: paddr=0003cf84 vaddr=40081368 size=0d69ch ( 54940) load[0m
[0;32mI (211) boot: Loaded app from partition at offset 0x10000[0m
[0;32mI (211) boot: Disabling RNG early entropy source...[0m
[0;32mI (222) cpu_start: Multicore app[0m
[0;32mI (222) cpu_start: Pro cpu up.[0m
[0;32mI (223) cpu_start: Starting app cpu, entry point is 0x400812a4[0m
[0;32mI (211) cpu_start: App cpu up.[0m
[0;32mI (241) cpu_start: Pro cpu start user code[0m
[0;32mI (241) cpu_start: cpu freq: 160000000 Hz[0m
[0;32mI (241) cpu_start: Application information:[0m
[0;32mI (245) cpu_start: Project name:     lora[0m
[0;32mI (250) cpu_start: App version:      33b263b-dirty[0m
[0;32mI (255) cpu_start: Compile time:     Dec  5 2023 19:17:55[0m
[0;32mI (262) cpu_start: ELF file SHA256:  3ed3c023a411dcaa...[0m
[0;32mI (268) cpu_start: ESP-IDF:          v5.2-dev-544-g54576b7528-dirty[0m
[0;32mI (274) cpu_start: Min chip rev:     v0.0[0m
[0;32mI (279) cpu_start: Max chip rev:     v3.99 [0m
[0;32mI (284) cpu_start: Chip rev:         v1.0[0m
[0;32mI (289) heap_init: Initializing. RAM available for dynamic allocation:[0m
[0;32mI (296) heap_init: At 3FFAE6E0 len 00001920 (6 KiB): DRAM[0m
[0;32mI (302) heap_init: At 3FFB2BC0 len 0002D440 (181 KiB): DRAM[0m
[0;32mI (308) heap_init: At 3FFE0440 len 00003AE0 (14 KiB): D/IRAM[0m
[0;32mI (315) heap_init: At 3FFE4350 len 0001BCB0 (111 KiB): D/IRAM[0m
[0;32mI (321) heap_init: At 4008EA04 len 000115FC (69 KiB): IRAM[0m
[0;32mI (329) spi_flash: detected chip: generic[0m
[0;32mI (332) spi_flash: flash io: dio[0m
[0;33mW (336) spi_flash: Detected size(4096k) larger than the size in the binary image header(2048k). Using the size in the binary image header.[0m
[0;32mI (350) app_start: Starting scheduler on CPU0[0m
[0;32mI (354) app_start: Starting scheduler on CPU1[0m
[0;32mI (354) main_task: Started on CPU0[0m
[0;32mI (364) main_task: Calling app_main()[0m
[0;32mI (364) gpio: GPIO[16]| InputEn: 0| OutputEn: 0| OpenDrain: 0| Pullup: 1| Pulldown: 0| Intr:0 [0m
[0;32mI (374) gpio: GPIO[15]| InputEn: 0| OutputEn: 0| OpenDrain: 0| Pullup: 1| Pulldown: 0| Intr:0 [0m

assert failed: xQueueSemaphoreTake queue.c:1657 (pxQueue->uxItemSize == 0)


Backtrace: 0x400818ca:0x3ffb5980 0x400874c5:0x3ffb59a0 0x4008d409:0x3ffb59c0 0x40087dc6:0x3ffb5ae0 0x40087ee4:0x3ffb5b20 0x40082889:0x3ffb5b40 0x40082991:0x3ffb5b70 0x400d558f:0x3ffb5b90 0x400d44c3:0x3ffb5bb0 0x400d408a:0x3ffb5bd0 0x4000bd83:0x3ffb5bf0 0x4000117d:0x3ffb5c10 0x400592fe:0x3ffb5c30 0x4005937a:0x3ffb5c50 0x400de263:0x3ffb5c70 0x400e964b:0x3ffb5ca0 0x400e5246:0x3ffb5cc0 0x400de411:0x3ffb5fe0 0x400d56f9:0x3ffb6030 0x40089b71:0x3ffb60c0




ELF file SHA256: 3ed3c023a411dcaa711b00a907e4270780546cf3dad4ddfa4fd35af42d3ef47b

Rebooting...
ets Jun  8 2016 00:22:57

rst:0xc (SW_CPU_RESET),boot:0x13 (SPI_FAST_FLASH_BOOT)
configsip: 0, SPIWP:0xee
clk_drv:0x00,q_drv:0x00,d_drv:0x00,cs0_drv:0x00,hd_drv:0x00,wp_drv:0x00
mode:DIO, clock div:2
load:0x3fff0030,len:7104
load:0x40078000,len:15660
load:0x40080400,len:4
load:0x40080404,len:3872
entry 0x40080648
[0;32mI (29) boot: ESP-IDF v5.2-dev-544-g54576b7528-dirty 2nd stage bootloader[0m
[0;32mI (29) boot: compile time Dec  5 2023 19:17:58[0m
[0;32mI (31) boot: Multicore bootloader[0m
[0;32mI (35) boot: chip revision: v1.0[0m
[0;32mI (39) boot.esp32: SPI Speed      : 40MHz[0m
[0;32mI (44) boot.esp32: SPI Mode       : DIO[0m
[0;32mI (48) boot.esp32: SPI Flash Size : 2MB[0m
[0;32mI (53) boot: Enabling RNG early entropy source...[0m
[0;32mI (58) boot: Partition Table:[0m
[0;32mI (62) boot: ## Label            Usage          Type ST Offset   Length[0m
[0;32mI (69) boot:  0 nvs              WiFi data        01 02 00009000 00006000[0m
[0;32mI (77) boot:  1 phy_init         RF data          01 01 0000f000 00001000[0m
[0;32mI (84) boot:  2 factory          factory app      00 00 00010000 00100000[0m
[0;32mI (92) boot: End of partition table[0m
[0;32mI (96) esp_image: segment 0: paddr=00010020 vaddr=3f400020 size=0c9e8h ( 51688) map[0m
[0;32mI (123) esp_image: segment 1: paddr=0001ca10 vaddr=3ffb0000 size=02298h (  8856) load[0m
[0;32mI (127) esp_image: segment 2: paddr=0001ecb0 vaddr=40080000 size=01368h (  4968) load[0m
[0;32mI (131) esp_image: segment 3: paddr=00020020 vaddr=400d0020 size=1cf5ch (118620) map[0m
[0;32mI (180) esp_image: segment 4: paddr=0003cf84 vaddr=40081368 size=0d69ch ( 54940) load[0m
[0;32mI (211) boot: Loaded app from partition at offset 0x10000[0m
[0;32mI (211) boot: Disabling RNG early entropy source...[0m
[0;32mI (222) cpu_start: Multicore app[0m
[0;32mI (222) cpu_start: Pro cpu up.[0m
[0;32mI (223) cpu_start: Starting app cpu, entry point is 0x400812a4[0m
[0;32mI (211) cpu_start: App cpu up.[0m
[0;32mI (240) cpu_start: Pro cpu start user code[0m
[0;32mI (241) cpu_start: cpu freq: 160000000 Hz[0m
[0;32mI (241) cpu_start: Application information:[0m
[0;32mI (245) cpu_start: Project name:     lora[0m
[0;32mI (250) cpu_start: App version:      33b263b-dirty[0m
[0;32mI (255) cpu_start: Compile time:     Dec  5 2023 19:17:55[0m
[0;32mI (262) cpu_start: ELF file SHA256:  3ed3c023a411dcaa...[0m
[0;32mI (268) cpu_start: ESP-IDF:          v5.2-dev-544-g54576b7528-dirty[0m
[0;32mI (274) cpu_start: Min chip rev:     v0.0[0m
[0;32mI (279) cpu_start: Max chip rev:     v3.99 [0m
[0;32mI (284) cpu_start: Chip rev:         v1.0[0m
[0;32mI (289) heap_init: Initializing. RAM available for dynamic allocation:[0m
[0;32mI (296) heap_init: At 3FFAE6E0 len 00001920 (6 KiB): DRAM[0m
[0;32mI (302) heap_init: At 3FFB2BC0 len 0002D440 (181 KiB): DRAM[0m
[0;32mI (308) heap_init: At 3FFE0440 len 00003AE0 (14 KiB): D/IRAM[0m
[0;32mI (315) heap_init: At 3FFE4350 len 0001BCB0 (111 KiB): D/IRAM[0m
[0;32mI (321) heap_init: At 4008EA04 len 000115FC (69 KiB): IRAM[0m
[0;32mI (329) spi_flash: detected chip: generic[0m
[0;32mI (332) spi_flash: flash io: dio[0m
[0;33mW (336) spi_flash: Detected size(4096k) larger than the size in the binary image header(2048k). Using the size in the binary image header.[0m
[0;32mI (350) app_start: Starting scheduler on CPU0[0m
[0;32mI (354) app_start: Starting scheduler on CPU1[0m
[0;32mI (354) main_task: Started on CPU0[0m
[0;32mI (364) main_task: Calling app_main()[0m
[0;32mI (364) gpio: GPIO[16]| InputEn: 0| OutputEn: 0| OpenDrain: 0| Pullup: 1| Pulldown: 0| Intr:0 [0m
[0;32mI (374) gpio: GPIO[15]| InputEn: 0| OutputEn: 0| OpenDrain: 0| Pullup: 1| Pulldown: 0| Intr:0 [0m

assert failed: xQueueSemaphoreTake queue.c:1657 (pxQueue->uxItemSize == 0)


Backtrace: 0x400818ca:0x3ffb5980 0x400874c5:0x3ffb59a0 0x4008d409:0x3ffb59c0 0x40087dc6:0x3ffb5ae0 0x40087ee4:0x3ffb5b20 0x40082889:0x3ffb5b40 0x40082991:0x3ffb5b70 0x400d558f:0x3ffb5b90 0x400d44c3:0x3ffb5bb0 0x400d408a:0x3ffb5bd0 0x4000bd83:0x3ffb5bf0 0x4000117d:0x3ffb5c10 0x400592fe:0x3ffb5c30 0x4005937a:0x3ffb5c50 0x400de263:0x3ffb5c70 0x400e964b:0x3ffb5ca0 0x400e5246:0x3ffb5cc0 0x400de411:0x3ffb5fe0 0x400d56f9:0x3ffb6030 0x40089b71:0x3ffb60c0




ELF file SHA256: 3ed3c023a411dcaa711b00a907e4270780546cf3dad4ddfa4fd35af42d3ef47b

Rebooting...
ets Jun  8 2016 00:22:57

rst:0xc (SW_CPU_RESET),boot:0x13 (SPI_FAST_FLASH_BOOT)
configsip: 0, SPIWP:0xee
clk_drv:0x00,q_drv:0x00,d_drv:0x00,cs0_drv:0x00,hd_drv:0x00,wp_drv:0x00
mode:DIO, clock div:2
load:0x3fff0030,len:7104
load:0x40078000,len:15660
load:0x40080400,len:4
load:0x40080404,len:3872
entry 0x40080648
[0;32mI (29) boot: ESP-IDF v5.2-dev-544-g54576b7528-dirty 2nd stage bootloader[0m
[0;32mI (29) boot: compile time Dec  5 2023 19:17:58[0m
[0;32mI (31) boot: Multicore bootloader[0m
[0;32mI (35) boot: chip revision: v1.0[0m
[0;32mI (39) boot.esp32: SPI Speed      : 40MHz[0m
[0;32mI (44) boot.esp32: SPI Mode       : DIO[0m
[0;32mI (48) boot.esp32: SPI Flash Size : 2MB[0m
[0;32mI (53) boot: Enabling RNG early entropy source...[0m
[0;32mI (58) boot: Partition Table:[0m
[0;32mI (62) boot: ## Label            Usage          Type ST Offset   Length[0m
[0;32mI (69) boot:  0 nvs              WiFi data        01 02 00009000 00006000[0m
[0;32mI (77) boot:  1 phy_init         RF data          01 01 0000f000 00001000[0m
[0;32mI (84) boot:  2 factory          factory app      00 00 00010000 00100000[0m
[0;32mI (92) boot: End of partition table[0m
[0;32mI (96) esp_image: segment 0: paddr=00010020 vaddr=3f400020 size=0c9e8h ( 51688) map[0m
[0;32mI (123) esp_image: segment 1: paddr=0001ca10 vaddr=3ffb0000 size=02298h (  8856) load[0m
[0;32mI (127) esp_image: segment 2: paddr=0001ecb0 vaddr=40080000 size=01368h (  4968) load[0m
[0;32mI (131) esp_image: segment 3: paddr=00020020 vaddr=400d0020 size=1cf5ch (118620) map[0m
[0;32mI (180) esp_image: segment 4: paddr=0003cf84 vaddr=40081368 size=0d69ch ( 54940) load[0m
[0;32mI (211) boot: Loaded app from partition at offset 0x10000[0m
[0;32mI (211) boot: Disabling RNG early entropy source...[0m
[0;32mI (222) cpu_start: Multicore app[0m
[0;32mI (222) cpu_start: Pro cpu up.[0m
[0;32mI (223) cpu_start: Starting app cpu, entry point is 0x400812a4[0m
[0;32mI (211) cpu_start: App cpu up.[0m
[0;32mI (240) cpu_start: Pro cpu start user code[0m
[0;32mI (241) cpu_start: cpu freq: 160000000 Hz[0m
[0;32mI (241) cpu_start: Application information:[0m
[0;32mI (245) cpu_start: Project name:     lora[0m
[0;32mI (250) cpu_start: App version:      33b263b-dirty[0m
[0;32mI (255) cpu_start: Compile time:     Dec  5 2023 19:17:55[0m
[0;32mI (262) cpu_start: ELF file SHA256:  3ed3c023a411dcaa...[0m
[0;32mI (268) cpu_start: ESP-IDF:          v5.2-dev-544-g54576b7528-dirty[0m
[0;32mI (274) cpu_start: Min chip rev:     v0.0[0m
[0;32mI (279) cpu_start: Max chip rev:     v3.99 [0m
[0;32mI (284) cpu_start: Chip rev:         v1.0[0m
[0;32mI (289) heap_init: Initializing. RAM available for dynamic allocation:[0m
[0;32mI (296) heap_init: At 3FFAE6E0 len 00001920 (6 KiB): DRAM[0m
[0;32mI (302) heap_init: At 3FFB2BC0 len 0002D440 (181 KiB): DRAM[0m
[0;32mI (308) heap_init: At 3FFE0440 len 00003AE0 (14 KiB): D/IRAM[0m
[0;32mI (315) heap_init: At 3FFE4350 len 0001BCB0 (111 KiB): D/IRAM[0m
[0;32mI (321) heap_init: At 4008EA04 len 000115FC (69 KiB): IRAM[0m
[0;32mI (329) spi_flash: detected chip: generic[0m
[0;32mI (332) spi_flash: flash io: dio[0m
[0;33mW (336) spi_flash: Detected size(4096k) larger than the size in the binary image header(2048k). Using the size in the binary image header.[0m
[0;32mI (350) app_start: Starting scheduler on CPU0[0m
[0;32mI (354) app_start: Starting scheduler on CPU1[0m
[0;32mI (354) main_task: Started on CPU0[0m
[0;32mI (364) main_task: Calling app_main()[0m
[0;32mI (364) gpio: GPIO[16]| InputEn: 0| OutputEn: 0| OpenDrain: 0| Pullup: 1| Pulldown: 0| Intr:0 [0m
[0;32mI (374) gpio: GPIO[15]| InputEn: 0| OutputEn: 0| OpenDrain: 0| Pullup: 1| Pulldown: 0| Intr:0 [0m

assert failed: xQueueSemaphoreTake queue.c:1657 (pxQueue->uxItemSize == 0)


Backtrace: 0x400818ca:0x3ffb5980 0x400874c5:0x3ffb59a0 0x4008d409:0x3ffb59c0 0x40087dc6:0x3ffb5ae0 0x40087ee4:0x3ffb5b20 0x40082889:0x3ffb5b40 0x40082991:0x3ffb5b70 0x400d558f:0x3ffb5b90 0x400d44c3:0x3ffb5bb0 0x400d408a:0x3ffb5bd0 0x4000bd83:0x3ffb5bf0 0x4000117d:0x3ffb5c10 0x400592fe:0x3ffb5c30 0x4005937a:0x3ffb5c50 0x400de263:0x3ffb5c70 0x400e964b:0x3ffb5ca0 0x400e5246:0x3ffb5cc0 0x400de411:0x3ffb5fe0 0x400d56f9:0x3ffb6030 0x40089b71:0x3ffb60c0




ELF file SHA256: 3ed3c023a411dcaa711b00a907e4270780546cf3dad4ddfa4fd35af42d3ef47b

Rebooting...
ets Jun  8 2016 00:22:57

rst:0xc (SW_CPU_RESET),boot:0x13 (SPI_FAST_FLASH_BOOT)
configsip: 0, SPIWP:0xee
clk_drv:0x00,q_drv:0x00,d_drv:0x00,cs0_drv:0x00,hd_drv:0x00,wp_drv:0x00
mode:DIO, clock div:2
load:0x3fff0030,len:7104
load:0x40078000,len:15660
load:0x40080400,len:4
load:0x40080404,len:3872
entry 0x40080648
[0;32mI (29) boot: ESP-IDF v5.2-dev-544-g54576b7528-dirty 2nd stage bootloader[0m
[0;32mI (29) boot: compile time Dec  5 2023 19:17:58[0m
[0;32mI (31) boot: Multicore bootloader[0m
[0;32mI (35) boot: chip revision: v1.0[0m
[0;32mI (39) boot.esp32: SPI Speed      : 40MHz[0m
[0;32mI (44) boot.esp32: SPI Mode       : DIO[0m
[0;32mI (48) boot.esp32: SPI Flash Size : 2MB[0m
[0;32mI (53) boot: Enabling RNG early entropy source...[0m
[0;32mI (58) boot: Partition Table:[0m
[0;32mI (62) boot: ## Label            Usage          Type ST Offset   Length[0m
[0;32mI (69) boot:  0 nvs              WiFi data        01 02 00009000 00006000[0m
[0;32mI (77) boot:  1 phy_init         RF data          01 01 0000f000 00001000[0m
[0;32mI (84) boot:  2 factory          factory app      00 00 00010000 00100000[0m
[0;32mI (92) boot: End of partition table[0m
[0;32mI (96) esp_image: segment 0: paddr=00010020 vaddr=3f400020 size=0c9e8h ( 51688) map[0m
[0;32mI (123) esp_image: segment 1: paddr=0001ca10 vaddr=3ffb0000 size=02298h (  8856) load[0m
[0;32mI (127) esp_image: segment 2: paddr=0001ecb0 vaddr=40080000 size=01368h (  4968) load[0m
[0;32mI (131) esp_image: segment 3: paddr=00020020 vaddr=400d0020 size=1cf5ch (118620) map[0m
[0;32mI (180) esp_image: segment 4: paddr=0003cf84 vaddr=40081368 size=0d69ch ( 54940) load[0m
[0;32mI (211) boot: Loaded app from partition at offset 0x10000[0m
[0;32mI (211) boot: Disabling RNG early entropy source...[0m
[0;32mI (222) cpu_start: Multicore app[0m
[0;32mI (222) cpu_start: Pro cpu up.[0m
[0;32mI (223) cpu_start: Starting app cpu, entry point is 0x400812a4[0m
[0;32mI (211) cpu_start: App cpu up.[0m
[0;32mI (240) cpu_start: Pro cpu start user code[0m
[0;32mI (241) cpu_start: cpu freq: 160000000 Hz[0m
[0;32mI (241) cpu_start: Application information:[0m
[0;32mI (245) cpu_start: Project name:     lora[0m
[0;32mI (250) cpu_start: App version:      33b263b-dirty[0m
[0;32mI (255) cpu_start: Compile time:     Dec  5 2023 19:17:55[0m
[0;32mI (262) cpu_start: ELF file SHA256:  3ed3c023a411dcaa...[0m
[0;32mI (268) cpu_start: ESP-IDF:          v5.2-dev-544-g54576b7528-dirty[0m
[0;32mI (274) cpu_start: Min chip rev:     v0.0[0m
[0;32mI (279) cpu_start: Max chip rev:     v3.99 [0m
[0;32mI (284) cpu_start: Chip rev:         v1.0[0m
[0;32mI (289) heap_init: Initializing. RAM available for dynamic allocation:[0m
[0;32mI (296) heap_init: At 3FFAE6E0 len 00001920 (6 KiB): DRAM[0m
[0;32mI (302) heap_init: At 3FFB2BC0 len 0002D440 (181 KiB): DRAM[0m
[0;32mI (308) heap_init: At 3FFE0440 len 00003AE0 (14 KiB): D/IRAM[0m
[0;32mI (315) heap_init: At 3FFE4350 len 0001BCB0 (111 KiB): D/IRAM[0m
[0;32mI (321) heap_init: At 4008EA04 len 000115FC (69 KiB): IRAM[0m
[0;32mI (329) spi_flash: detected chip: generic[0m
[0;32mI (332) spi_flash: flash io: dio[0m
[0;33mW (336) spi_flash: Detected size(4096k) larger than the size in the binary image header(2048k). Using the size in the binary image header.[0m
[0;32mI (350) app_start: Starting scheduler on CPU0[0m
[0;32mI (354) app_start: Starting scheduler on CPU1[0m
[0;32mI (354) main_task: Started on CPU0[0m
[0;32mI (364) main_task: Calling app_main()[0m
[0;32mI (364) gpio: GPIO[16]| InputEn: 0| OutputEn: 0| OpenDrain: 0| Pullup: 1| Pulldown: 0| Intr:0 [0m
[0;32mI (374) gpio: GPIO[15]| InputEn: 0| OutputEn: 0| OpenDrain: 0| Pullup: 1| Pulldown: 0| Intr:0 [0m

assert failed: xQueueSemaphoreTake queue.c:1657 (pxQueue->uxItemSize == 0)


Backtrace: 0x400818ca:0x3ffb5980 0x400874c5:0x3ffb59a0 0x4008d409:0x3ffb59c0 0x40087dc6:0x3ffb5ae0 0x40087ee4:0x3ffb5b20 0x40082889:0x3ffb5b40 0x40082991:0x3ffb5b70 0x400d558f:0x3ffb5b90 0x400d44c3:0x3ffb5bb0 0x400d408a:0x3ffb5bd0 0x4000bd83:0x3ffb5bf0 0x4000117d:0x3ffb5c10 0x400592fe:0x3ffb5c30 0x4005937a:0x3ffb5c50 0x400de263:0x3ffb5c70 0x400e964b:0x3ffb5ca0 0x400e5246:0x3ffb5cc0 0x400de411:0x3ffb5fe0 0x400d56f9:0x3ffb6030 0x40089b71:0x3ffb60c0




ELF file SHA256: 3ed3c023a411dcaa711b00a907e4270780546cf3dad4ddfa4fd35af42d3ef47b

Rebooting...
ets Jun  8 2016 00:22:57

rst:0xc (SW_CPU_RESET),boot:0x13 (SPI_FAST_FLASH_BOOT)
configsip: 0, SPIWP:0xee
clk_drv:0x00,q_drv:0x00,d_drv:0x00,cs0_drv:0x00,hd_drv:0x00,wp_drv:0x00
mode:DIO, clock div:2
load:0x3fff0030,len:7104
load:0x40078000,len:15660
load:0x40080400,len:4
load:0x40080404,len:3872
entry 0x40080648
[0;32mI (29) boot: ESP-IDF v5.2-dev-544-g54576b7528-dirty 2nd stage bootloader[0m
[0;32mI (29) boot: compile time Dec  5 2023 19:17:58[0m
[0;32mI (31) boot: Multicore bootloader[0m
[0;32mI (35) boot: chip revision: v1.0[0m
[0;32mI (39) boot.esp32: SPI Speed      : 40MHz[0m
[0;32mI (44) boot.esp32: SPI Mode       : DIO[0m
[0;32mI (48) boot.esp32: SPI Flash Size : 2MB[0m
[0;32mI (53) boot: Enabling RNG early entropy source...[0m
[0;32mI (58) boot: Partition Table:[0m
[0;32mI (62) boot: ## Label            Usage          Type ST Offset   Length[0m
[0;32mI (69) boot:  0 nvs              WiFi data        01 02 00009000 00006000[0m
[0;32mI (77) boot:  1 phy_init         RF data          01 01 0000f000 00001000[0m
[0;32mI (84) boot:  2 factory          factory app      00 00 00010000 00100000[0m
[0;32mI (92) boot: End of partition table[0m
[0;32mI (96) esp_image: segment 0: paddr=00010020 vaddr=3f400020 size=0c9e8h ( 51688) map[0m
[0;32mI (123) esp_image: segment 1: paddr=0001ca10 vaddr=3ffb0000 size=02298h (  8856) load[0m
[0;32mI (127) esp_image: segment 2: paddr=0001ecb0 vaddr=40080000 size=01368h (  4968) load[0m
[0;32mI (131) esp_image: segment 3: paddr=00020020 vaddr=400d0020 size=1cf5ch (118620) map[0m
[0;32mI (180) esp_image: segment 4: paddr=0003cf84 vaddr=40081368 size=0d69ch ( 54940) load[0m
[0;32mI (211) boot: Loaded app from partition at offset 0x10000[0m
[0;32mI (211) boot: Disabling RNG early entropy source...[0m
[0;32mI (222) cpu_start: Multicore app[0m
[0;32mI (222) cpu_start: Pro cpu up.[0m
[0;32mI (223) cpu_start: Starting app cpu, entry point is 0x400812a4[0m
[0;32mI (211) cpu_start: App cpu up.[0m
[0;32mI (240) cpu_start: Pro cpu start user code[0m
[0;32mI (241) cpu_start: cpu freq: 160000000 Hz[0m
[0;32mI (241) cpu_start: Application information:[0m
[0;32mI (245) cpu_start: Project name:     lora[0m
[0;32mI (250) cpu_start: App version:      33b263b-dirty[0m
[0;32mI (255) cpu_start: Compile time:     Dec  5 2023 19:17:55[0m
[0;32mI (262) cpu_start: ELF file SHA256:  3ed3c023a411dcaa...[0m
[0;32mI (268) cpu_start: ESP-IDF:          v5.2-dev-544-g54576b7528-dirty[0m
[0;32mI (274) cpu_start: Min chip rev:     v0.0[0m
[0;32mI (279) cpu_start: Max chip rev:     v3.99 [0m
[0;32mI (284) cpu_start: Chip rev:         v1.0[0m
[0;32mI (289) heap_init: Initializing. RAM available for dynamic allocation:[0m
[0;32mI (296) heap_init: At 3FFAE6E0 len 00001920 (6 KiB): DRAM[0m
[0;32mI (302) heap_init: At 3FFB2BC0 len 0002D440 (181 KiB): DRAM[0m
[0;32mI (308) heap_init: At 3FFE0440 len 00003AE0 (14 KiB): D/IRAM[0m
[0;32mI (315) heap_init: At 3FFE4350 len 0001BCB0 (111 KiB): D/IRAM[0m
[0;32mI (321) heap_init: At 4008EA04 len 000115FC (69 KiB): IRAM[0m
[0;32mI (329) spi_flash: detected chip: generic[0m
[0;32mI (332) spi_flash: flash io: dio[0m
[0;33mW (336) spi_flash: Detected size(4096k) larger than the size in the binary image header(2048k). Using the size in the binary image header.[0m
[0;32mI (350) app_start: Starting scheduler on CPU0[0m
[0;32mI (354) app_start: Starting scheduler on CPU1[0m
[0;32mI (354) main_task: Started on CPU0[0m
[0;32mI (364) main_task: Calling app_main()[0m
[0;32mI (364) gpio: GPIO[16]| InputEn: 0| OutputEn: 0| OpenDrain: 0| Pullup: 1| Pulldown: 0| Intr:0 [0m
[0;32mI (374) gpio: GPIO[15]| InputEn: 0| OutputEn: 0| OpenDrain: 0| Pullup: 1| Pulldown: 0| Intr:0 [0m

assert failed: xQueueSemaphoreTake queue.c:1657 (pxQueue->uxItemSize == 0)


Backtrace: 0x400818ca:0x3ffb5980 0x400874c5:0x3ffb59a0 0x4008d409:0x3ffb59c0 0x40087dc6:0x3ffb5ae0 0x40087ee4:0x3ffb5b20 0x40082889:0x3ffb5b40 0x40082991:0x3ffb5b70 0x400d558f:0x3ffb5b90 0x400d44c3:0x3ffb5bb0 0x400d408a:0x3ffb5bd0 0x4000bd83:0x3ffb5bf0 0x4000117d:0x3ffb5c10 0x400592fe:0x3ffb5c30 0x4005937a:0x3ffb5c50 0x400de263:0x3ffb5c70 0x400e964b:0x3ffb5ca0 0x400e5246:0x3ffb5cc0 0x400de411:0x3ffb5fe0 0x400d56f9:0x3ffb6030 0x40089b71:0x3ffb60c0




ELF file SHA256: 3ed3c023a411dcaa711b00a907e4270780546cf3dad4ddfa4fd35af42d3ef47b

Rebooting...
ets Jun  8 2016 00:22:57

rst:0xc (SW_CPU_RESET),boot:0x13 (SPI_FAST_FLASH_BOOT)
configsip: 0, SPIWP:0xee
clk_drv:0x00,q_drv:0x00,d_drv:0x00,cs0_drv:0x00,hd_drv:0x00,wp_drv:0x00
mode:DIO, clock div:2
load:0x3fff0030,len:7104
load:0x40078000,len:15660
load:0x40080400,len:4
load:0x40080404,len:3872
entry 0x40080648
[0;32mI (29) boot: ESP-IDF v5.2-dev-544-g54576b7528-dirty 2nd stage bootloader[0m
[0;32mI (29) boot: compile time Dec  5 2023 19:17:58[0m
[0;32mI (31) boot: Multicore bootloader[0m
[0;32mI (35) boot: chip revision: v1.0[0m
[0;32mI (39) boot.esp32: SPI Speed      : 40MHz[0m
[0;32mI (44) boot.esp32: SPI Mode       : DIO[0m
[0;32mI (48) boot.esp32: SPI Flash Size : 2MB[0m
[0;32mI (53) boot: Enabling RNG early entropy source...[0m
[0;32mI (58) boot: Partition Table:[0m
[0;32mI (62) boot: ## Label            Usage          Type ST Offset   Length[0m
[0;32mI (69) boot:  0 nvs              WiFi data        01 02 00009000 00006000[0m
[0;32mI (77) boot:  1 phy_init         RF data          01 01 0000f000 00001000[0m
[0;32mI (84) boot:  2 factory          factory app      00 00 00010000 00100000[0m
[0;32mI (92) boot: End of partition table[0m
[0;32mI (96) esp_image: segment 0: paddr=00010020 vaddr=3f400020 size=0c9e8h ( 51688) map[0m
[0;32mI (123) esp_image: segment 1: paddr=0001ca10 vaddr=3ffb0000 size=02298h (  8856) load[0m
[0;32mI (127) esp_image: segment 2: paddr=0001ecb0 vaddr=40080000 size=01368h (  4968) load[0m
[0;32mI (131) esp_image: segment 3: paddr=00020020 vaddr=400d0020 size=1cf5ch (118620) map[0m
[0;32mI (180) esp_image: segment 4: paddr=0003cf84 vaddr=40081368 size=0d69ch ( 54940) load[0m
